e:\nxgame\nxgamedeopot\nxentity\x64\debug\vc143.pdb
e:\nxgame\nxgamedeopot\nxentity\x64\debug\nxentity.obj
e:\nxgame\nxgamedeopot\nxentity\x64\debug\moc_nxentity.obj
e:\nxgame\output\nxgamedeopot\bin_debug\nxentity.ilk
e:\nxgame\output\nxgamedeopot\bin_debug\nxentity.dll
e:\nxgame\output\nxgamedeopot\bin_debug\nxentity.pdb
e:\nxgame\output\nxgamedeopot\bin_debug\nxentity.lib
e:\nxgame\output\nxgamedeopot\bin_debug\nxentity.exp
e:\nxgame\nxgamedeopot\nxentity\x64\debug\moc\moc_nxentity.cpp
e:\nxgame\nxgamedeopot\nxentity\x64\debug\nxentity.tlog\cl.command.1.tlog
e:\nxgame\nxgamedeopot\nxentity\x64\debug\nxentity.tlog\cl.items.tlog
e:\nxgame\nxgamedeopot\nxentity\x64\debug\nxentity.tlog\cl.read.1.tlog
e:\nxgame\nxgamedeopot\nxentity\x64\debug\nxentity.tlog\cl.write.1.tlog
e:\nxgame\nxgamedeopot\nxentity\x64\debug\nxentity.tlog\link.command.1.tlog
e:\nxgame\nxgamedeopot\nxentity\x64\debug\nxentity.tlog\link.read.1.tlog
e:\nxgame\nxgamedeopot\nxentity\x64\debug\nxentity.tlog\link.write.1.tlog
e:\nxgame\nxgamedeopot\nxentity\x64\debug\nxentity.tlog\link.write.2u.tlog
e:\nxgame\nxgamedeopot\nxentity\x64\debug\nxentity.tlog\moc.read.1u.tlog
e:\nxgame\nxgamedeopot\nxentity\x64\debug\nxentity.tlog\moc.write.1u.tlog
e:\nxgame\nxgamedeopot\nxentity\x64\debug\nxentity.tlog\nxentity.write.1u.tlog
