Component: ARM Compiler 5.06 update 7 (build 960) Tool: armlink [4d3601]

==============================================================================

Section Cross References

    main.o(i.assert_nrf_callback) refers to app_error_handler_keil.o(.emb_text) for app_error_handler
    main.o(i.ble_evt_handler) refers to nrf_log_frontend.o(i.nrf_log_frontend_std_0) for nrf_log_frontend_std_0
    main.o(i.ble_evt_handler) refers to nrf_log_frontend.o(i.nrf_log_frontend_std_1) for nrf_log_frontend_std_1
    main.o(i.ble_evt_handler) refers to ble_nus_c.o(i.ble_nus_c_handles_assign) for ble_nus_c_handles_assign
    main.o(i.ble_evt_handler) refers to app_error.o(i.app_error_handler_bare) for app_error_handler_bare
    main.o(i.ble_evt_handler) refers to bsp.o(i.bsp_indication_set) for bsp_indication_set
    main.o(i.ble_evt_handler) refers to ble_db_discovery.o(i.ble_db_discovery_start) for ble_db_discovery_start
    main.o(i.ble_evt_handler) refers to nrf_log_frontend.o(i.nrf_log_frontend_std_2) for nrf_log_frontend_std_2
    main.o(i.ble_evt_handler) refers to nrf_log_frontend.o(log_const_data) for m_nrf_log_app_logs_data_const
    main.o(i.ble_evt_handler) refers to main.o(.bss) for .bss
    main.o(i.ble_evt_handler) refers to main.o(.data) for .data
    main.o(i.ble_nus_c_evt_handler) refers to nrf_log_frontend.o(i.nrf_log_frontend_std_0) for nrf_log_frontend_std_0
    main.o(i.ble_nus_c_evt_handler) refers to main.o(i.scan_start) for scan_start
    main.o(i.ble_nus_c_evt_handler) refers to ble_nus_c.o(i.ble_nus_c_handles_assign) for ble_nus_c_handles_assign
    main.o(i.ble_nus_c_evt_handler) refers to app_error.o(i.app_error_handler_bare) for app_error_handler_bare
    main.o(i.ble_nus_c_evt_handler) refers to ble_nus_c.o(i.ble_nus_c_tx_notif_enable) for ble_nus_c_tx_notif_enable
    main.o(i.ble_nus_c_evt_handler) refers to main.o(i.ble_nus_chars_received_uart_print) for ble_nus_chars_received_uart_print
    main.o(i.ble_nus_c_evt_handler) refers to nrf_log_frontend.o(log_const_data) for m_nrf_log_app_logs_data_const
    main.o(i.ble_nus_chars_received_uart_print) refers to nrf_log_frontend.o(i.nrf_log_frontend_std_0) for nrf_log_frontend_std_0
    main.o(i.ble_nus_chars_received_uart_print) refers to nrf_log_frontend.o(i.nrf_log_frontend_hexdump) for nrf_log_frontend_hexdump
    main.o(i.ble_nus_chars_received_uart_print) refers to app_uart_fifo.o(i.app_uart_put) for app_uart_put
    main.o(i.ble_nus_chars_received_uart_print) refers to nrf_log_frontend.o(i.nrf_log_frontend_std_1) for nrf_log_frontend_std_1
    main.o(i.ble_nus_chars_received_uart_print) refers to app_error.o(i.app_error_handler_bare) for app_error_handler_bare
    main.o(i.ble_nus_chars_received_uart_print) refers to nrf_log_frontend.o(log_const_data) for m_nrf_log_app_logs_data_const
    main.o(i.bsp_event_handler) refers to nrf_pwr_mgmt.o(i.nrf_pwr_mgmt_shutdown) for nrf_pwr_mgmt_shutdown
    main.o(i.bsp_event_handler) refers to app_error.o(i.app_error_handler_bare) for app_error_handler_bare
    main.o(i.bsp_event_handler) refers to main.o(.bss) for .bss
    main.o(i.db_disc_handler) refers to ble_nus_c.o(i.ble_nus_c_on_db_disc_evt) for ble_nus_c_on_db_disc_evt
    main.o(i.db_disc_handler) refers to main.o(.bss) for .bss
    main.o(i.gatt_evt_handler) refers to nrf_log_frontend.o(i.nrf_log_frontend_std_0) for nrf_log_frontend_std_0
    main.o(i.gatt_evt_handler) refers to nrf_log_frontend.o(i.nrf_log_frontend_std_2) for nrf_log_frontend_std_2
    main.o(i.gatt_evt_handler) refers to nrf_log_frontend.o(log_const_data) for m_nrf_log_app_logs_data_const
    main.o(i.gatt_evt_handler) refers to main.o(.data) for .data
    main.o(i.gatt_init) refers to nrf_ble_gatt.o(i.nrf_ble_gatt_init) for nrf_ble_gatt_init
    main.o(i.gatt_init) refers to app_error.o(i.app_error_handler_bare) for app_error_handler_bare
    main.o(i.gatt_init) refers to nrf_ble_gatt.o(i.nrf_ble_gatt_att_mtu_central_set) for nrf_ble_gatt_att_mtu_central_set
    main.o(i.gatt_init) refers to main.o(i.gatt_evt_handler) for gatt_evt_handler
    main.o(i.gatt_init) refers to main.o(.bss) for .bss
    main.o(i.main) refers to nrf_log_frontend.o(i.nrf_log_init) for nrf_log_init
    main.o(i.main) refers to app_error.o(i.app_error_handler_bare) for app_error_handler_bare
    main.o(i.main) refers to nrf_log_default_backends.o(i.nrf_log_default_backends_init) for nrf_log_default_backends_init
    main.o(i.main) refers to nrf_log_frontend.o(i.nrf_log_frontend_std_0) for nrf_log_frontend_std_0
    main.o(i.main) refers to app_timer2.o(i.app_timer_init) for app_timer_init
    main.o(i.main) refers to memcpya.o(.text) for __aeabi_memcpy4
    main.o(i.main) refers to app_uart_fifo.o(i.app_uart_init) for app_uart_init
    main.o(i.main) refers to bsp.o(i.bsp_init) for bsp_init
    main.o(i.main) refers to bsp_btn_ble.o(i.bsp_btn_ble_init) for bsp_btn_ble_init
    main.o(i.main) refers to ble_db_discovery.o(i.ble_db_discovery_init) for ble_db_discovery_init
[...]
    PDM_IRQHandler                           0x000263df   Thumb Code     0  arm_startup_nrf52.o(.text)
    PWM0_IRQHandler                          0x000263df   Thumb Code     0  arm_startup_nrf52.o(.text)
    PWM1_IRQHandler                          0x000263df   Thumb Code     0  arm_startup_nrf52.o(.text)
    PWM2_IRQHandler                          0x000263df   Thumb Code     0  arm_startup_nrf52.o(.text)
    QDEC_IRQHandler                          0x000263df   Thumb Code     0  arm_startup_nrf52.o(.text)
    RADIO_IRQHandler                         0x000263df   Thumb Code     0  arm_startup_nrf52.o(.text)
    RNG_IRQHandler                           0x000263df   Thumb Code     0  arm_startup_nrf52.o(.text)
    RTC0_IRQHandler                          0x000263df   Thumb Code     0  arm_startup_nrf52.o(.text)
    RTC2_IRQHandler                          0x000263df   Thumb Code     0  arm_startup_nrf52.o(.text)
    SAADC_IRQHandler                         0x000263df   Thumb Code     0  arm_startup_nrf52.o(.text)
    SPIM0_SPIS0_TWIM0_TWIS0_SPI0_TWI0_IRQHandler 0x000263df   Thumb Code     0  arm_startup_nrf52.o(.text)
    SPIM1_SPIS1_TWIM1_TWIS1_SPI1_TWI1_IRQHandler 0x000263df   Thumb Code     0  arm_startup_nrf52.o(.text)
    SPIM2_SPIS2_SPI2_IRQHandler              0x000263df   Thumb Code     0  arm_startup_nrf52.o(.text)
    SWI0_EGU0_IRQHandler                     0x000263df   Thumb Code     0  arm_startup_nrf52.o(.text)
    SWI1_EGU1_IRQHandler                     0x000263df   Thumb Code     0  arm_startup_nrf52.o(.text)
    SWI3_EGU3_IRQHandler                     0x000263df   Thumb Code     0  arm_startup_nrf52.o(.text)
    SWI4_EGU4_IRQHandler                     0x000263df   Thumb Code     0  arm_startup_nrf52.o(.text)
    SWI5_EGU5_IRQHandler                     0x000263df   Thumb Code     0  arm_startup_nrf52.o(.text)
    TEMP_IRQHandler                          0x000263df   Thumb Code     0  arm_startup_nrf52.o(.text)
    TIMER0_IRQHandler                        0x000263df   Thumb Code     0  arm_startup_nrf52.o(.text)
    TIMER1_IRQHandler                        0x000263df   Thumb Code     0  arm_startup_nrf52.o(.text)
    TIMER2_IRQHandler                        0x000263df   Thumb Code     0  arm_startup_nrf52.o(.text)
    TIMER3_IRQHandler                        0x000263df   Thumb Code     0  arm_startup_nrf52.o(.text)
    TIMER4_IRQHandler                        0x000263df   Thumb Code     0  arm_startup_nrf52.o(.text)
    WDT_IRQHandler                           0x000263df   Thumb Code     0  arm_startup_nrf52.o(.text)
    __aeabi_uldivmod                         0x000263e9   Thumb Code    98  uldiv.o(.text)
    __aeabi_llsl                             0x0002644b   Thumb Code    30  llshl.o(.text)
    _ll_shift_l                              0x0002644b   Thumb Code     0  llshl.o(.text)
    __rt_ctype_table                         0x00026469   Thumb Code     4  ctype_o.o(.text)
    __aeabi_memcpy                           0x00026471   Thumb Code    36  memcpya.o(.text)
    __aeabi_memcpy4                          0x00026471   Thumb Code     0  memcpya.o(.text)
    __aeabi_memcpy8                          0x00026471   Thumb Code     0  memcpya.o(.text)
    __aeabi_memset                           0x00026495   Thumb Code    14  memseta.o(.text)
    __aeabi_memset4                          0x00026495   Thumb Code     0  memseta.o(.text)
    __aeabi_memset8                          0x00026495   Thumb Code     0  memseta.o(.text)
    __aeabi_memclr                           0x000264a3   Thumb Code     4  memseta.o(.text)
    __aeabi_memclr4                          0x000264a3   Thumb Code     0  memseta.o(.text)
    __aeabi_memclr8                          0x000264a3   Thumb Code     0  memseta.o(.text)
    _memset$wrapper                          0x000264a7   Thumb Code    18  memseta.o(.text)
    strlen                                   0x000264b9   Thumb Code    14  strlen.o(.text)
    memcmp                                   0x000264c7   Thumb Code    26  memcmp.o(.text)
    strcpy                                   0x000264e1   Thumb Code    18  strcpy.o(.text)
    __aeabi_llsr                             0x000264f3   Thumb Code    32  llushr.o(.text)
    _ll_ushift_r                             0x000264f3   Thumb Code     0  llushr.o(.text)
    __scatterload                            0x00026515   Thumb Code    28  init.o(.text)
    __scatterload_rt2                        0x00026515   Thumb Code     0  init.o(.text)
    __decompress                             0x00026539   Thumb Code     0  __dczerorl2.o(.text)
    __decompress1                            0x00026539   Thumb Code    86  __dczerorl2.o(.text)
    GPIOTE_IRQHandler                        0x00026591   Thumb Code   154  nrfx_gpiote.o(i.GPIOTE_IRQHandler)
    POWER_CLOCK_IRQHandler                   0x00026635   Thumb Code    82  nrfx_clock.o(i.POWER_CLOCK_IRQHandler)
    RTC1_IRQHandler                          0x0002668d   Thumb Code    12  drv_rtc.o(i.RTC1_IRQHandler)
    SEGGER_RTT_Init                          0x0002669d   Thumb Code     4  segger_rtt.o(i.SEGGER_RTT_Init)
    SEGGER_RTT_WriteNoLock                   0x000266a1   Thumb Code    86  segger_rtt.o(i.SEGGER_RTT_WriteNoLock)
    SWI2_EGU2_IRQHandler                     0x000266fd   Thumb Code     4  nrf_sdh.o(i.SWI2_EGU2_IRQHandler)
    SystemInit                               0x00026701   Thumb Code   660  system_nrf52.o(i.SystemInit)
    UARTE0_UART0_IRQHandler                  0x000269d9   Thumb Code     6  nrfx_prs.o(i.UARTE0_UART0_IRQHandler)
    __0printf$bare                           0x00026b01   Thumb Code     8  printfb.o(i.__0printf$bare)
    __1printf$bare                           0x00026b01   Thumb Code     0  printfb.o(i.__0printf$bare)
    __2printf                                0x00026b01   Thumb Code     0  printfb.o(i.__0printf$bare)
    __scatterload_copy                       0x00026b11   Thumb Code    14  handlers.o(i.__scatterload_copy)
    __scatterload_null                       0x00026b1f   Thumb Code     2  handlers.o(i.__scatterload_null)
    __scatterload_zeroinit                   0x00026b21   Thumb Code    14  handlers.o(i.__scatterload_zeroinit)
    app_button_enable                        0x00026bb5   Thumb Code    32  app_button.o(i.app_button_enable)
    app_button_init                          0x00026bd9   Thumb Code   106  app_button.o(i.app_button_init)
    app_error_fault_handler                  0x00026c59   Thumb Code    86  app_error_weak.o(i.app_error_fault_handler)
    app_error_handler_bare                   0x00026cdd   Thumb Code    22  app_error.o(i.app_error_handler_bare)
    app_fifo_get                             0x00026cf3   Thumb Code    22  app_fifo.o(i.app_fifo_get)
    app_fifo_init                            0x00026d09   Thumb Code    32  app_fifo.o(i.app_fifo_init)
    app_fifo_put                             0x00026d29   Thumb Code    26  app_fifo.o(i.app_fifo_put)
    app_timer_cnt_get                        0x00026d45   Thumb Code     6  app_timer2.o(i.app_timer_cnt_get)
    app_timer_create                         0x00026d51   Thumb Code    32  app_timer2.o(i.app_timer_create)
    app_timer_init                           0x00026d71   Thumb Code    70  app_timer2.o(i.app_timer_init)
    app_timer_start                          0x00026dcd   Thumb Code    84  app_timer2.o(i.app_timer_start)
    app_timer_stop                           0x00026e21   Thumb Code    68  app_timer2.o(i.app_timer_stop)
    app_uart_get                             0x00026e65   Thumb Code    42  app_uart_fifo.o(i.app_uart_get)
    app_uart_init                            0x00026e99   Thumb Code   148  app_uart_fifo.o(i.app_uart_init)
    app_uart_put                             0x00026f3d   Thumb Code    70  app_uart_fifo.o(i.app_uart_put)
    app_util_critical_region_enter           0x00026f91   Thumb Code    64  app_util_platform.o(i.app_util_critical_region_enter)
    app_util_critical_region_exit            0x00026fd9   Thumb Code    46  app_util_platform.o(i.app_util_critical_region_exit)
    ble_advdata_search                       0x0002711d   Thumb Code    70  ble_advdata.o(i.ble_advdata_search)
    ble_advdata_uuid_find                    0x00027163   Thumb Code   182  ble_advdata.o(i.ble_advdata_uuid_find)
    ble_db_discovery_evt_register            0x00027219   Thumb Code    56  ble_db_discovery.o(i.ble_db_discovery_evt_register)
    ble_db_discovery_init                    0x00027259   Thumb Code    32  ble_db_discovery.o(i.ble_db_discovery_init)
    ble_db_discovery_on_ble_evt              0x0002727d   Thumb Code    86  ble_db_discovery.o(i.ble_db_discovery_on_ble_evt)
    ble_db_discovery_start                   0x000272d9   Thumb Code    34  ble_db_discovery.o(i.ble_db_discovery_start)
    ble_nus_c_handles_assign                 0x0002760d   Thumb Code    28  ble_nus_c.o(i.ble_nus_c_handles_assign)
    ble_nus_c_init                           0x00027629   Thumb Code    84  ble_nus_c.o(i.ble_nus_c_init)
    ble_nus_c_on_ble_evt                     0x00027681   Thumb Code   132  ble_nus_c.o(i.ble_nus_c_on_ble_evt)
    ble_nus_c_on_db_disc_evt                 0x00027725   Thumb Code   128  ble_nus_c.o(i.ble_nus_c_on_db_disc_evt)
    ble_nus_c_string_send                    0x000277a5   Thumb Code   124  ble_nus_c.o(i.ble_nus_c_string_send)
    ble_nus_c_tx_notif_enable                0x0002785d   Thumb Code   102  ble_nus_c.o(i.ble_nus_c_tx_notif_enable)
    bsp_board_button_idx_to_pin              0x00027979   Thumb Code     6  boards.o(i.bsp_board_button_idx_to_pin)
    bsp_board_button_state_get               0x00027985   Thumb Code    28  boards.o(i.bsp_board_button_state_get)
    bsp_board_init                           0x000279a5   Thumb Code    80  boards.o(i.bsp_board_init)
    bsp_board_led_invert                     0x000279f9   Thumb Code    32  boards.o(i.bsp_board_led_invert)
    bsp_board_led_off                        0x00027a1d   Thumb Code    10  boards.o(i.bsp_board_led_off)
    bsp_board_led_on                         0x00027a2d   Thumb Code    10  boards.o(i.bsp_board_led_on)
    bsp_board_led_state_get                  0x00027a3d   Thumb Code    28  boards.o(i.bsp_board_led_state_get)
    bsp_board_leds_off                       0x00027a5d   Thumb Code    18  boards.o(i.bsp_board_leds_off)
    bsp_board_leds_on                        0x00027a6f   Thumb Code    18  boards.o(i.bsp_board_leds_on)
    bsp_board_pin_to_button_idx              0x00027a81   Thumb Code    30  boards.o(i.bsp_board_pin_to_button_idx)
    bsp_btn_ble_init                         0x00027aa5   Thumb Code    52  bsp_btn_ble.o(i.bsp_btn_ble_init)
    bsp_btn_ble_sleep_mode_prepare           0x00027add   Thumb Code    30  bsp_btn_ble.o(i.bsp_btn_ble_sleep_mode_prepare)
    bsp_button_is_pressed                    0x00027b8d   Thumb Code    12  bsp.o(i.bsp_button_is_pressed)
    bsp_event_handler                        0x00027b99   Thumb Code    36  main.o(i.bsp_event_handler)
    bsp_event_to_button_action_assign        0x00027bc1   Thumb Code    64  bsp.o(i.bsp_event_to_button_action_assign)
    bsp_indication_set                       0x00027c05   Thumb Code    20  bsp.o(i.bsp_indication_set)
    bsp_init                                 0x00027c1d   Thumb Code   128  bsp.o(i.bsp_init)
    bsp_wakeup_button_enable                 0x00027e79   Thumb Code     6  bsp.o(i.bsp_wakeup_button_enable)
    buffer_is_empty                          0x00027f45   Thumb Code    18  nrf_log_frontend.o(i.buffer_is_empty)
    drv_rtc_compare_disable                  0x000284dd   Thumb Code    20  drv_rtc.o(i.drv_rtc_compare_disable)
    drv_rtc_compare_pending                  0x000284f1   Thumb Code    14  drv_rtc.o(i.drv_rtc_compare_pending)
    drv_rtc_compare_set                      0x000284ff   Thumb Code    80  drv_rtc.o(i.drv_rtc_compare_set)
    drv_rtc_counter_get                      0x0002854f   Thumb Code     8  drv_rtc.o(i.drv_rtc_counter_get)
    drv_rtc_init                             0x00028559   Thumb Code   148  drv_rtc.o(i.drv_rtc_init)
    drv_rtc_irq_trigger                      0x00028631   Thumb Code    30  drv_rtc.o(i.drv_rtc_irq_trigger)
    drv_rtc_overflow_enable                  0x0002864f   Thumb Code     8  drv_rtc.o(i.drv_rtc_overflow_enable)
    drv_rtc_overflow_pending                 0x00028657   Thumb Code     8  drv_rtc.o(i.drv_rtc_overflow_pending)
    drv_rtc_start                            0x0002865f   Thumb Code     8  drv_rtc.o(i.drv_rtc_start)
    drv_rtc_stop                             0x00028667   Thumb Code     8  drv_rtc.o(i.drv_rtc_stop)
    drv_rtc_windowed_compare_set             0x0002866f   Thumb Code   222  drv_rtc.o(i.drv_rtc_windowed_compare_set)
    evt_handle                               0x00028761   Thumb Code   216  app_button.o(i.evt_handle)
    fputc                                    0x0002887b   Thumb Code    14  retarget.o(i.fputc)
    gatt_evt_handler                         0x000288f5   Thumb Code    62  main.o(i.gatt_evt_handler)
    gatt_init                                0x00028985   Thumb Code    38  main.o(i.gatt_init)
    is_whitelist_used                        0x00028ccd   Thumb Code    22  nrf_ble_scan.o(i.is_whitelist_used)
    log_pending_hook                         0x00028d41   Thumb Code     2  nrf_log_frontend.o(i.log_pending_hook)
    main                                     0x00028de9   Thumb Code   262  main.o(i.main)
    nrf_atfifo_init                          0x00029019   Thumb Code    38  nrf_atfifo.o(i.nrf_atfifo_init)
    nrf_atfifo_item_alloc                    0x0002903f   Thumb Code    22  nrf_atfifo.o(i.nrf_atfifo_item_alloc)
    nrf_atfifo_item_free                     0x00029055   Thumb Code    22  nrf_atfifo.o(i.nrf_atfifo_item_free)
    nrf_atfifo_item_get                      0x0002906b   Thumb Code    22  nrf_atfifo.o(i.nrf_atfifo_item_get)
    nrf_atfifo_item_put                      0x00029081   Thumb Code    22  nrf_atfifo.o(i.nrf_atfifo_item_put)
    nrf_atomic_flag_clear_fetch              0x00029097   Thumb Code     6  nrf_atomic.o(i.nrf_atomic_flag_clear_fetch)
    nrf_atomic_flag_set                      0x0002909d   Thumb Code     6  nrf_atomic.o(i.nrf_atomic_flag_set)
    nrf_atomic_u32_add                       0x000290a3   Thumb Code    12  nrf_atomic.o(i.nrf_atomic_u32_add)
    nrf_atomic_u32_fetch_and                 0x000290af   Thumb Code    10  nrf_atomic.o(i.nrf_atomic_u32_fetch_and)
    nrf_atomic_u32_fetch_store               0x000290b9   Thumb Code    10  nrf_atomic.o(i.nrf_atomic_u32_fetch_store)
    nrf_atomic_u32_or                        0x000290c3   Thumb Code    12  nrf_atomic.o(i.nrf_atomic_u32_or)
    nrf_atomic_u32_sub                       0x000290cf   Thumb Code    12  nrf_atomic.o(i.nrf_atomic_u32_sub)
    nrf_balloc_alloc                         0x000290db   Thumb Code    68  nrf_balloc.o(i.nrf_balloc_alloc)
    nrf_balloc_free                          0x0002911f   Thumb Code    48  nrf_balloc.o(i.nrf_balloc_free)
    nrf_balloc_init                          0x0002914f   Thumb Code    48  nrf_balloc.o(i.nrf_balloc_init)
    nrf_ble_gatt_att_mtu_central_set         0x0002918f   Thumb Code    24  nrf_ble_gatt.o(i.nrf_ble_gatt_att_mtu_central_set)
    nrf_ble_gatt_init                        0x000291a7   Thumb Code    34  nrf_ble_gatt.o(i.nrf_ble_gatt_init)
    nrf_ble_gatt_on_ble_evt                  0x000291c9   Thumb Code   172  nrf_ble_gatt.o(i.nrf_ble_gatt_on_ble_evt)
    nrf_ble_gq_conn_handle_register          0x000292b5   Thumb Code   134  nrf_ble_gq.o(i.nrf_ble_gq_conn_handle_register)
    nrf_ble_gq_item_add                      0x0002936d   Thumb Code   190  nrf_ble_gq.o(i.nrf_ble_gq_item_add)
    nrf_ble_gq_on_ble_evt                    0x00029481   Thumb Code    96  nrf_ble_gq.o(i.nrf_ble_gq_on_ble_evt)
    nrf_ble_scan_filter_set                  0x000295b1   Thumb Code    98  nrf_ble_scan.o(i.nrf_ble_scan_filter_set)
    nrf_ble_scan_filters_disable             0x00029635   Thumb Code    14  nrf_ble_scan.o(i.nrf_ble_scan_filters_disable)
    nrf_ble_scan_filters_enable              0x00029643   Thumb Code    54  nrf_ble_scan.o(i.nrf_ble_scan_filters_enable)
    nrf_ble_scan_init                        0x00029679   Thumb Code   106  nrf_ble_scan.o(i.nrf_ble_scan_init)
    nrf_ble_scan_on_ble_evt                  0x000297e1   Thumb Code   148  nrf_ble_scan.o(i.nrf_ble_scan_on_ble_evt)
    nrf_ble_scan_start                       0x00029895   Thumb Code   104  nrf_ble_scan.o(i.nrf_ble_scan_start)
    nrf_drv_clock_init                       0x00029955   Thumb Code    56  nrf_drv_clock.o(i.nrf_drv_clock_init)
    nrf_drv_clock_lfclk_release              0x00029995   Thumb Code    48  nrf_drv_clock.o(i.nrf_drv_clock_lfclk_release)
    nrf_drv_uart_init                        0x000299c9   Thumb Code    90  nrf_drv_uart.o(i.nrf_drv_uart_init)
    nrf_fprintf                              0x00029a71   Thumb Code    26  nrf_fprintf.o(i.nrf_fprintf)
    nrf_fprintf_buffer_flush                 0x00029a8b   Thumb Code    24  nrf_fprintf.o(i.nrf_fprintf_buffer_flush)
    nrf_fprintf_fmt                          0x00029aa3   Thumb Code   474  nrf_fprintf_format.o(i.nrf_fprintf_fmt)
    nrf_log_backend_add                      0x00029e01   Thumb Code    86  nrf_log_frontend.o(i.nrf_log_backend_add)
    nrf_log_backend_rtt_init                 0x00029e5f   Thumb Code     4  nrf_log_backend_rtt.o(i.nrf_log_backend_rtt_init)
    nrf_log_backend_serial_put               0x00029e7d   Thumb Code   194  nrf_log_backend_serial.o(i.nrf_log_backend_serial_put)
    nrf_log_color_id_get                     0x00029f41   Thumb Code    42  nrf_log_frontend.o(i.nrf_log_color_id_get)
    nrf_log_default_backends_init            0x00029f71   Thumb Code    24  nrf_log_default_backends.o(i.nrf_log_default_backends_init)
    nrf_log_frontend_dequeue                 0x00029f8d   Thumb Code   524  nrf_log_frontend.o(i.nrf_log_frontend_dequeue)
    nrf_log_frontend_hexdump                 0x0002a1c1   Thumb Code   164  nrf_log_frontend.o(i.nrf_log_frontend_hexdump)
    nrf_log_frontend_std_0                   0x0002a26d   Thumb Code     8  nrf_log_frontend.o(i.nrf_log_frontend_std_0)
    nrf_log_frontend_std_1                   0x0002a275   Thumb Code    14  nrf_log_frontend.o(i.nrf_log_frontend_std_1)
    nrf_log_frontend_std_2                   0x0002a283   Thumb Code    16  nrf_log_frontend.o(i.nrf_log_frontend_std_2)
    nrf_log_frontend_std_3                   0x0002a293   Thumb Code    18  nrf_log_frontend.o(i.nrf_log_frontend_std_3)
    nrf_log_frontend_std_6                   0x0002a2a5   Thumb Code    28  nrf_log_frontend.o(i.nrf_log_frontend_std_6)
    nrf_log_hexdump_entry_process            0x0002a2c1   Thumb Code   150  nrf_log_str_formatter.o(i.nrf_log_hexdump_entry_process)
    nrf_log_init                             0x0002a371   Thumb Code    28  nrf_log_frontend.o(i.nrf_log_init)
    nrf_log_module_cnt_get                   0x0002a399   Thumb Code    10  nrf_log_frontend.o(i.nrf_log_module_cnt_get)
    nrf_log_module_name_get                  0x0002a3ad   Thumb Code    24  nrf_log_frontend.o(i.nrf_log_module_name_get)
    nrf_log_panic                            0x0002a3c9   Thumb Code    36  nrf_log_frontend.o(i.nrf_log_panic)
    nrf_log_std_entry_process                0x0002a3f1   Thumb Code   182  nrf_log_str_formatter.o(i.nrf_log_std_entry_process)
    nrf_memobj_alloc                         0x0002a4a7   Thumb Code    96  nrf_memobj.o(i.nrf_memobj_alloc)
    nrf_memobj_free                          0x0002a507   Thumb Code    50  nrf_memobj.o(i.nrf_memobj_free)
    nrf_memobj_get                           0x0002a539   Thumb Code     8  nrf_memobj.o(i.nrf_memobj_get)
    nrf_memobj_pool_init                     0x0002a541   Thumb Code     4  nrf_memobj.o(i.nrf_memobj_pool_init)
    nrf_memobj_put                           0x0002a545   Thumb Code    30  nrf_memobj.o(i.nrf_memobj_put)
    nrf_memobj_read                          0x0002a563   Thumb Code    16  nrf_memobj.o(i.nrf_memobj_read)
    nrf_memobj_write                         0x0002a573   Thumb Code    16  nrf_memobj.o(i.nrf_memobj_write)
    nrf_pwr_mgmt_init                        0x0002a585   Thumb Code    28  nrf_pwr_mgmt.o(i.nrf_pwr_mgmt_init)
    nrf_pwr_mgmt_run                         0x0002a5ad   Thumb Code    64  nrf_pwr_mgmt.o(i.nrf_pwr_mgmt_run)
    nrf_pwr_mgmt_shutdown                    0x0002a5f1   Thumb Code    54  nrf_pwr_mgmt.o(i.nrf_pwr_mgmt_shutdown)
    nrf_queue_generic_pop                    0x0002a62d   Thumb Code   142  nrf_queue.o(i.nrf_queue_generic_pop)
    nrf_queue_is_empty                       0x0002a6bb   Thumb Code    18  nrf_queue.o(i.nrf_queue_is_empty)
    nrf_queue_is_full                        0x0002a6cd   Thumb Code    30  nrf_queue.o(i.nrf_queue_is_full)
    nrf_queue_push                           0x0002a6f9   Thumb Code   178  nrf_queue.o(i.nrf_queue_push)
    nrf_ringbuf_init                         0x0002a7ab   Thumb Code    28  nrf_ringbuf.o(i.nrf_ringbuf_init)
    nrf_sdh_ble_app_ram_start_get            0x0002a7d5   Thumb Code    16  nrf_sdh_ble.o(i.nrf_sdh_ble_app_ram_start_get)
    nrf_sdh_ble_default_cfg_set              0x0002a7e9   Thumb Code   272  nrf_sdh_ble.o(i.nrf_sdh_ble_default_cfg_set)
    nrf_sdh_ble_enable                       0x0002a919   Thumb Code   116  nrf_sdh_ble.o(i.nrf_sdh_ble_enable)
    nrf_sdh_enable_request                   0x0002aaa9   Thumb Code   102  nrf_sdh.o(i.nrf_sdh_enable_request)
    nrf_sdh_evts_poll                        0x0002ab1d   Thumb Code    32  nrf_sdh.o(i.nrf_sdh_evts_poll)
    nrf_sdh_is_enabled                       0x0002ab41   Thumb Code     6  nrf_sdh.o(i.nrf_sdh_is_enabled)
    nrf_section_iter_init                    0x0002ab89   Thumb Code    10  nrf_section_iter.o(i.nrf_section_iter_init)
    nrf_section_iter_next                    0x0002abb7   Thumb Code    32  nrf_section_iter.o(i.nrf_section_iter_next)
    nrf_sortlist_add                         0x0002abd7   Thumb Code    34  nrf_sortlist.o(i.nrf_sortlist_add)
    nrf_sortlist_peek                        0x0002abf9   Thumb Code     6  nrf_sortlist.o(i.nrf_sortlist_peek)
    nrf_sortlist_pop                         0x0002abff   Thumb Code    14  nrf_sortlist.o(i.nrf_sortlist_pop)
    nrf_sortlist_remove                      0x0002ac0d   Thumb Code    30  nrf_sortlist.o(i.nrf_sortlist_remove)
    nrf_strerror_find                        0x0002ac2d   Thumb Code    52  nrf_strerror.o(i.nrf_strerror_find)
    nrf_strerror_get                         0x0002ac65   Thumb Code    14  nrf_strerror.o(i.nrf_strerror_get)
    nrfx_clock_enable                        0x0002acc1   Thumb Code    34  nrfx_clock.o(i.nrfx_clock_enable)
    nrfx_clock_init                          0x0002aced   Thumb Code    26  nrfx_clock.o(i.nrfx_clock_init)
    nrfx_clock_lfclk_stop                    0x0002ad0d   Thumb Code    38  nrfx_clock.o(i.nrfx_clock_lfclk_stop)
    nrfx_gpiote_in_event_enable              0x0002ad4d   Thumb Code   152  nrfx_gpiote.o(i.nrfx_gpiote_in_event_enable)
    nrfx_gpiote_in_init                      0x0002aded   Thumb Code   190  nrfx_gpiote.o(i.nrfx_gpiote_in_init)
    nrfx_gpiote_in_is_set                    0x0002aeb9   Thumb Code    20  nrfx_gpiote.o(i.nrfx_gpiote_in_is_set)
    nrfx_gpiote_init                         0x0002aecd   Thumb Code   102  nrfx_gpiote.o(i.nrfx_gpiote_init)
    nrfx_gpiote_is_init                      0x0002af41   Thumb Code    14  nrfx_gpiote.o(i.nrfx_gpiote_is_init)
    nrfx_prs_acquire                         0x0002af65   Thumb Code    58  nrfx_prs.o(i.nrfx_prs_acquire)
    nrfx_uart_0_irq_handler                  0x0002afa1   Thumb Code     8  nrfx_uart.o(i.nrfx_uart_0_irq_handler)
    nrfx_uart_init                           0x0002afb1   Thumb Code   200  nrfx_uart.o(i.nrfx_uart_init)
    nrfx_uart_rx                             0x0002b085   Thumb Code   230  nrfx_uart.o(i.nrfx_uart_rx)
    nrfx_uart_tx                             0x0002b171   Thumb Code   162  nrfx_uart.o(i.nrfx_uart_tx)
    nrfx_uart_tx_in_progress                 0x0002b219   Thumb Code    26  nrfx_uart.o(i.nrfx_uart_tx_in_progress)
    nrfx_uarte_0_irq_handler                 0x0002b239   Thumb Code     8  nrfx_uarte.o(i.nrfx_uarte_0_irq_handler)
    nrfx_uarte_init                          0x0002b249   Thumb Code   100  nrfx_uarte.o(i.nrfx_uarte_init)
    nrfx_uarte_rx                            0x0002b2b5   Thumb Code   256  nrfx_uarte.o(i.nrfx_uarte_rx)
    nrfx_uarte_tx                            0x0002b3b9   Thumb Code   166  nrfx_uarte.o(i.nrfx_uarte_tx)
    nrfx_uarte_tx_in_progress                0x0002b465   Thumb Code    22  nrfx_uarte.o(i.nrfx_uarte_tx_in_progress)
    nvmc_config                              0x0002b485   Thumb Code    14  system_nrf52.o(i.nvmc_config)
    uart_event_handle                        0x0002cce1   Thumb Code   152  main.o(i.uart_event_handle)
    nrf_log_backend_rtt_api                  0x0002d548   Data          12  nrf_log_backend_rtt.o(.constdata)
    m_ram_start                              0x0002d5ec   Data           4  nrf_sdh_ble.o(.constdata)
    __ctype_table                            0x0002d618   Data         129  ctype_o.o(.constdata)
    Region$$Table$$Base                      0x0002e180   Number         0  anon$$obj.o(Region$$Table)
    Region$$Table$$Limit                     0x0002e1a0   Number         0  anon$$obj.o(Region$$Table)
    log_const_data$$Base                     0x0002e1b0   Number         0  ble_db_discovery.o(log_const_data)
    m_nrf_log_ble_db_disc_logs_data_const    0x0002e1b0   Data           8  ble_db_discovery.o(log_const_data)
    m_nrf_log_nrf_ble_gatt_logs_data_const   0x0002e1b8   Data           8  nrf_ble_gatt.o(log_const_data)
    m_nrf_log_nrf_ble_gq_logs_data_const     0x0002e1c0   Data           8  nrf_ble_gq.o(log_const_data)
    m_nrf_log_ble_scan_logs_data_const       0x0002e1c8   Data           8  nrf_ble_scan.o(log_const_data)
    m_nrf_log_ble_nus_c_logs_data_const      0x0002e1d0   Data           8  ble_nus_c.o(log_const_data)
    m_nrf_log_clock_logs_data_const          0x0002e1d8   Data           8  nrf_drv_clock.o(log_const_data)
    m_nrf_log_CLOCK_logs_data_const          0x0002e1e0   Data           8  nrfx_clock.o(log_const_data)
    m_nrf_log_GPIOTE_logs_data_const         0x0002e1e8   Data           8  nrfx_gpiote.o(log_const_data)
    m_nrf_log_PRS_logs_data_const            0x0002e1f0   Data           8  nrfx_prs.o(log_const_data)
    m_nrf_log_UART_logs_data_const           0x0002e1f8   Data           8  nrfx_uart.o(log_const_data)
    m_nrf_log_UARTE_logs_data_const          0x0002e200   Data           8  nrfx_uarte.o(log_const_data)
    m_nrf_log_app_button_logs_data_const     0x0002e208   Data           8  app_button.o(log_const_data)
    m_nrf_log_app_timer_logs_data_const      0x0002e210   Data           8  app_timer2.o(log_const_data)
    m_nrf_log_pwr_mgmt_logs_data_const       0x0002e218   Data           8  nrf_pwr_mgmt.o(log_const_data)
    m_nrf_log_sortlist_logs_data_const       0x0002e220   Data           8  nrf_sortlist.o(log_const_data)
    m_nrf_log_app_logs_data_const            0x0002e228   Data           8  nrf_log_frontend.o(log_const_data)
    m_nrf_log_nrf_sdh_logs_data_const        0x0002e230   Data           8  nrf_sdh.o(log_const_data)
    m_nrf_log_nrf_sdh_ble_logs_data_const    0x0002e238   Data           8  nrf_sdh_ble.o(log_const_data)
    m_nrf_log_nrf_sdh_soc_logs_data_const    0x0002e240   Data           8  nrf_sdh_soc.o(log_const_data)
    log_const_data$$Limit                    0x0002e248   Number         0  nrf_sdh_soc.o(log_const_data)
    m_ble_gatt_queuepool                     0x0002e248   Data          20  main.o(nrf_balloc)
    log_mempool                              0x0002e25c   Data          20  nrf_log_frontend.o(nrf_balloc)
    m_ble_gatt_queuepurge_queue              0x0002e270   Data          20  main.o(nrf_queue)
    pwr_mgmt_data1$$Base                     0x0002e284   Number         0  main.o(pwr_mgmt_data1)
    pwr_mgmt_data1$$Limit                    0x0002e288   Number         0  main.o(pwr_mgmt_data1)
    sdh_ble_observers1$$Base                 0x0002e288   Number         0  main.o(sdh_ble_observers1)
    sdh_ble_observers1$$Limit                0x0002e2b0   Number         0  bsp_btn_ble.o(sdh_ble_observers1)
    sdh_ble_observers2$$Base                 0x0002e2b0   Number         0  main.o(sdh_ble_observers2)
    sdh_ble_observers2$$Limit                0x0002e2b8   Number         0  main.o(sdh_ble_observers2)
    sdh_ble_observers3$$Base                 0x0002e2b8   Number         0  main.o(sdh_ble_observers3)
    sdh_ble_observers3$$Limit                0x0002e2c0   Number         0  main.o(sdh_ble_observers3)
    sdh_soc_observers0$$Base                 0x0002e2c0   Number         0  nrf_drv_clock.o(sdh_soc_observers0)
    sdh_soc_observers0$$Limit                0x0002e2c8   Number         0  nrf_drv_clock.o(sdh_soc_observers0)
    sdh_stack_observers0$$Base               0x0002e2c8   Number         0  nrf_sdh_ble.o(sdh_stack_observers0)
    sdh_stack_observers0$$Limit              0x0002e2d8   Number         0  nrf_sdh_soc.o(sdh_stack_observers0)
    sdh_state_observers0$$Base               0x0002e2d8   Number         0  nrf_drv_clock.o(sdh_state_observers0)
    sdh_state_observers0$$Limit              0x0002e2e0   Number         0  nrf_drv_clock.o(sdh_state_observers0)
    Image$$RW_IRAM1$$Base                    0x20002a28   Number         0  anon$$obj.o ABSOLUTE
    nrf_drv_uart_use_easy_dma                0x200030b0   Data           1  nrf_drv_uart.o(.data)
    __stdout                                 0x2000315c   Data           4  retarget.o(.data)
    SystemCoreClock                          0x200031c4   Data           4  system_nrf52.o(.data)
    nrf_nvic_state                           0x2000382c   Data          12  app_util_platform.o(.bss)
    _SEGGER_RTT                              0x20003dfc   Data         120  segger_rtt.o(.bss)
    __initial_sp                             0x20006088   Data           0  arm_startup_nrf52.o(STACK)



==============================================================================

Memory Map of the image

  Image Entry point : 0x00026201

  Load Region LR_IROM1 (Base: 0x00026000, Size: 0x00008a80, Max: 0x0005a000, ABSOLUTE, COMPRESSED[0x00008354])

    Execution Region ER_IROM1 (Exec base: 0x00026000, Load base: 0x00026000, Size: 0x000082e0, Max: 0x0005a000, ABSOLUTE)

    Exec Addr    Load Addr    Size         Type   Attr      Idx    E Section Name        Object

    0x00026000   0x00026000   0x00000200   Data   RO         5135    RESET               arm_startup_nrf52.o
    0x00026200   0x00026200   0x00000000   Code   RO         5204  * .ARM.Collect$$$$00000000  mc_w.l(entry.o)
    0x00026200   0x00026200   0x00000004   Code   RO         5511    .ARM.Collect$$$$00000001  mc_w.l(entry2.o)
    0x00026204   0x00026204   0x00000004   Code   RO         5514    .ARM.Collect$$$$00000004  mc_w.l(entry5.o)
    0x00026208   0x00026208   0x00000000   Code   RO         5516    .ARM.Collect$$$$00000008  mc_w.l(entry7b.o)
    0x00026208   0x00026208   0x00000000   Code   RO         5518    .ARM.Collect$$$$0000000A  mc_w.l(entry8b.o)
    0x00026208   0x00026208   0x00000008   Code   RO         5519    .ARM.Collect$$$$0000000B  mc_w.l(entry9a.o)
    0x00026210   0x00026210   0x00000004   Code   RO         5526    .ARM.Collect$$$$0000000E  mc_w.l(entry12b.o)
    0x00026214   0x00026214   0x00000000   Code   RO         5521    .ARM.Collect$$$$0000000F  mc_w.l(entry10a.o)
    0x00026214   0x00026214   0x00000000   Code   RO         5523    .ARM.Collect$$$$00000011  mc_w.l(entry11a.o)
    0x00026214   0x00026214   0x00000004   Code   RO         5512    .ARM.Collect$$$$00002712  mc_w.l(entry2.o)
    0x00026218   0x00026218   0x000000c8   Code   RO         3465    .emb_text           nrf_atfifo.o
    0x000262e0   0x000262e0   0x000000e2   Code   RO         3535    .emb_text           nrf_atomic.o
    0x000263c2   0x000263c2   0x00000002   PAD
    0x000263c4   0x000263c4   0x00000024   Code   RO         5136    .text               arm_startup_nrf52.o
    0x000263e8   0x000263e8   0x00000062   Code   RO         5207    .text               mc_w.l(uldiv.o)
    0x0002644a   0x0002644a   0x0000001e   Code   RO         5209    .text               mc_w.l(llshl.o)
    0x00026468   0x00026468   0x00000008   Code   RO         5211    .text               mc_w.l(ctype_o.o)
    0x00026470   0x00026470   0x00000024   Code   RO         5239    .text               mc_w.l(memcpya.o)
    0x00026494   0x00026494   0x00000024   Code   RO         5241    .text               mc_w.l(memseta.o)
    0x000264b8   0x000264b8   0x0000000e   Code   RO         5243    .text               mc_w.l(strlen.o)
    0x000264c6   0x000264c6   0x0000001a   Code   RO         5245    .text               mc_w.l(memcmp.o)
    0x000264e0   0x000264e0   0x00000012   Code   RO         5247    .text               mc_w.l(strcpy.o)
    0x000264f2   0x000264f2   0x00000020   Code   RO         5529    .text               mc_w.l(llushr.o)
    0x00026512   0x00026512   0x00000002   PAD
    0x00026514   0x00026514   0x00000024   Code   RO         5542    .text               mc_w.l(init.o)
    0x00026538   0x00026538   0x00000056   Code   RO         5556    .text               mc_w.l(__dczerorl2.o)
    0x0002658e   0x0002658e   0x00000002   PAD
    0x00026590   0x00026590   0x000000a4   Code   RO         1944    i.GPIOTE_IRQHandler  nrfx_gpiote.o
    0x00026634   0x00026634   0x00000058   Code   RO         1805    i.POWER_CLOCK_IRQHandler  nrfx_clock.o
    0x0002668c   0x0002668c   0x00000010   Code   RO         3251    i.RTC1_IRQHandler   drv_rtc.o
    0x0002669c   0x0002669c   0x00000004   Code   RO         4675    i.SEGGER_RTT_Init   segger_rtt.o
    0x000266a0   0x000266a0   0x0000005c   Code   RO         4689    i.SEGGER_RTT_WriteNoLock  segger_rtt.o
    0x000266fc   0x000266fc   0x00000004   Code   RO         4926    i.SWI2_EGU2_IRQHandler  nrf_sdh.o
    0x00026700   0x00026700   0x000002d8   Code   RO         5144    i.SystemInit        system_nrf52.o
    0x000269d8   0x000269d8   0x0000000c   Code   RO         2249    i.UARTE0_UART0_IRQHandler  nrfx_prs.o
    0x000269e4   0x000269e4   0x00000068   Code   RO         4693    i._DoInit           segger_rtt.o
    0x00026a4c   0x00026a4c   0x00000016   Code   RO         4694    i._GetAvailWriteSpace  segger_rtt.o
    0x00026a62   0x00026a62   0x0000005a   Code   RO         4696    i._WriteBlocking    segger_rtt.o
    0x00026abc   0x00026abc   0x00000042   Code   RO         4697    i._WriteNoCheck     segger_rtt.o
    0x00026afe   0x00026afe   0x00000002   PAD
    0x00026b00   0x00026b00   0x00000010   Code   RO         5252    i.__0printf$bare    mc_w.l(printfb.o)
    0x00026b10   0x00026b10   0x0000000e   Code   RO         5550    i.__scatterload_copy  mc_w.l(handlers.o)
    0x00026b1e   0x00026b1e   0x00000002   Code   RO         5551    i.__scatterload_null  mc_w.l(handlers.o)
    0x00026b20   0x00026b20   0x0000000e   Code   RO         5552    i.__scatterload_zeroinit  mc_w.l(handlers.o)
    0x00026b2e   0x00026b2e   0x00000002   PAD
    0x00026b30   0x00026b30   0x00000024   Code   RO         4927    i.__sd_nvic_app_accessible_irq  nrf_sdh.o
    0x00026b54   0x00026b54   0x00000022   Code   RO         5259    i._printf_core      mc_w.l(printfb.o)
    0x00026b76   0x00026b76   0x00000036   Code   RO          643    i.advertising_buttons_configure  bsp_btn_ble.o
    0x00026bac   0x00026bac   0x00000006   Code   RO          526    i.alert_timer_handler  bsp.o
    0x00026bb2   0x00026bb2   0x00000002   PAD
    0x00026bb4   0x00026bb4   0x00000024   Code   RO         2652    i.app_button_enable  app_button.o
    0x00026bd8   0x00026bd8   0x00000080   Code   RO         2653    i.app_button_init   app_button.o
    0x00026c58   0x00026c58   0x00000084   Code   RO         2806    i.app_error_fault_handler  app_error_weak.o
    0x00026cdc   0x00026cdc   0x00000016   Code   RO         2750    i.app_error_handler_bare  app_error.o
    0x00026cf2   0x00026cf2   0x00000016   Code   RO         2841    i.app_fifo_get      app_fifo.o
    0x00026d08   0x00026d08   0x00000020   Code   RO         2842    i.app_fifo_init     app_fifo.o
    0x00026d28   0x00026d28   0x0000001a   Code   RO         2844    i.app_fifo_put      app_fifo.o
    0x00026d42   0x00026d42   0x00000002   PAD
    0x00026d44   0x00026d44   0x0000000c   Code   RO         2965    i.app_timer_cnt_get  app_timer2.o
    0x00026d50   0x00026d50   0x00000020   Code   RO         2966    i.app_timer_create  app_timer2.o
    0x00026d70   0x00026d70   0x0000005c   Code   RO         2967    i.app_timer_init    app_timer2.o
    0x00026dcc   0x00026dcc   0x00000054   Code   RO         2970    i.app_timer_start   app_timer2.o
    0x00026e20   0x00026e20   0x00000044   Code   RO         2971    i.app_timer_stop    app_timer2.o
    0x00026e64   0x00026e64   0x00000034   Code   RO         3108    i.app_uart_get      app_uart_fifo.o
    0x00026e98   0x00026e98   0x000000a4   Code   RO         3109    i.app_uart_init     app_uart_fifo.o
    0x00026f3c   0x00026f3c   0x00000054   Code   RO         3110    i.app_uart_put      app_uart_fifo.o
    0x00026f90   0x00026f90   0x00000048   Code   RO         3183    i.app_util_critical_region_enter  app_util_platform.o
    0x00026fd8   0x00026fd8   0x00000034   Code   RO         3184    i.app_util_critical_region_exit  app_util_platform.o
    0x0002700c   0x0002700c   0x00000088   Code   RO         2303    i.apply_config      nrfx_uart.o
    0x00027094   0x00027094   0x00000088   Code   RO         2491    i.apply_config      nrfx_uarte.o
    0x0002711c   0x0002711c   0x00000046   Code   RO          750    i.ble_advdata_search  ble_advdata.o
    0x00027162   0x00027162   0x000000b6   Code   RO          752    i.ble_advdata_uuid_find  ble_advdata.o
    0x00027218   0x00027218   0x00000040   Code   RO          860    i.ble_db_discovery_evt_register  ble_db_discovery.o
    0x00027258   0x00027258   0x00000024   Code   RO          861    i.ble_db_discovery_init  ble_db_discovery.o
    0x0002727c   0x0002727c   0x0000005c   Code   RO          862    i.ble_db_discovery_on_ble_evt  ble_db_discovery.o
    0x000272d8   0x000272d8   0x00000028   Code   RO          863    i.ble_db_discovery_start  ble_db_discovery.o
    0x00027300   0x00027300   0x000001d0   Code   RO            5    i.ble_evt_handler   main.o
    0x000274d0   0x000274d0   0x00000070   Code   RO          644    i.ble_evt_handler   bsp_btn_ble.o
    0x00027540   0x00027540   0x000000cc   Code   RO            6    i.ble_nus_c_evt_handler  main.o
    0x0002760c   0x0002760c   0x0000001c   Code   RO         1383    i.ble_nus_c_handles_assign  ble_nus_c.o
    0x00027628   0x00027628   0x00000058   Code   RO         1384    i.ble_nus_c_init    ble_nus_c.o
    0x00027680   0x00027680   0x000000a4   Code   RO         1385    i.ble_nus_c_on_ble_evt  ble_nus_c.o
    0x00027724   0x00027724   0x00000080   Code   RO         1386    i.ble_nus_c_on_db_disc_evt  ble_nus_c.o
    0x000277a4   0x000277a4   0x000000b8   Code   RO         1387    i.ble_nus_c_string_send  ble_nus_c.o
    0x0002785c   0x0002785c   0x0000006c   Code   RO         1388    i.ble_nus_c_tx_notif_enable  ble_nus_c.o
    0x000278c8   0x000278c8   0x000000b0   Code   RO            7    i.ble_nus_chars_received_uart_print  main.o
    0x00027978   0x00027978   0x0000000c   Code   RO          413    i.bsp_board_button_idx_to_pin  boards.o
    0x00027984   0x00027984   0x00000020   Code   RO          414    i.bsp_board_button_state_get  boards.o
    0x000279a4   0x000279a4   0x00000054   Code   RO          415    i.bsp_board_init    boards.o
    0x000279f8   0x000279f8   0x00000024   Code   RO          417    i.bsp_board_led_invert  boards.o
    0x00027a1c   0x00027a1c   0x00000010   Code   RO          418    i.bsp_board_led_off  boards.o
    0x00027a2c   0x00027a2c   0x00000010   Code   RO          419    i.bsp_board_led_on  boards.o
    0x00027a3c   0x00027a3c   0x00000020   Code   RO          420    i.bsp_board_led_state_get  boards.o
    0x00027a5c   0x00027a5c   0x00000012   Code   RO          421    i.bsp_board_leds_off  boards.o
    0x00027a6e   0x00027a6e   0x00000012   Code   RO          422    i.bsp_board_leds_on  boards.o
    0x00027a80   0x00027a80   0x00000024   Code   RO          423    i.bsp_board_pin_to_button_idx  boards.o
    0x00027aa4   0x00027aa4   0x00000038   Code   RO          645    i.bsp_btn_ble_init  bsp_btn_ble.o
    0x00027adc   0x00027adc   0x0000001e   Code   RO          646    i.bsp_btn_ble_sleep_mode_prepare  bsp_btn_ble.o
    0x00027afa   0x00027afa   0x00000002   PAD
    0x00027afc   0x00027afc   0x00000090   Code   RO          527    i.bsp_button_event_handler  bsp.o
    0x00027b8c   0x00027b8c   0x0000000c   Code   RO          528    i.bsp_button_is_pressed  bsp.o
    0x00027b98   0x00027b98   0x00000028   Code   RO            8    i.bsp_event_handler  main.o
    0x00027bc0   0x00027bc0   0x00000044   Code   RO          531    i.bsp_event_to_button_action_assign  bsp.o
    0x00027c04   0x00027c04   0x00000018   Code   RO          532    i.bsp_indication_set  bsp.o
    0x00027c1c   0x00027c1c   0x00000094   Code   RO          533    i.bsp_init          bsp.o
    0x00027cb0   0x00027cb0   0x000001c8   Code   RO          534    i.bsp_led_indication  bsp.o
    0x00027e78   0x00027e78   0x00000006   Code   RO          536    i.bsp_wakeup_button_enable  bsp.o
    0x00027e7e   0x00027e7e   0x00000002   PAD
    0x00027e80   0x00027e80   0x00000094   Code   RO         4423    i.buf_prealloc      nrf_log_frontend.o
    0x00027f14   0x00027f14   0x0000002e   Code   RO         3750    i.buffer_add        nrf_fprintf_format.o
    0x00027f42   0x00027f42   0x00000002   PAD
    0x00027f44   0x00027f44   0x00000018   Code   RO         4424    i.buffer_is_empty   nrf_log_frontend.o
    0x00027f5c   0x00027f5c   0x00000028   Code   RO         2655    i.button_get        app_button.o
    0x00027f84   0x00027f84   0x00000008   Code   RO          537    i.button_timer_handler  bsp.o
    0x00027f8c   0x00027f8c   0x0000001c   Code   RO         1945    i.channel_free      nrfx_gpiote.o
    0x00027fa8   0x00027fa8   0x00000048   Code   RO         1946    i.channel_port_alloc  nrfx_gpiote.o
    0x00027ff0   0x00027ff0   0x00000010   Code   RO         1947    i.channel_port_get  nrfx_gpiote.o
    0x00028000   0x00028000   0x0000006c   Code   RO          864    i.characteristics_discover  ble_db_discovery.o
    0x0002806c   0x0002806c   0x00000028   Code   RO         1457    i.clock_clk_started_notify  nrf_drv_clock.o
    0x00028094   0x00028094   0x0000001c   Code   RO         1458    i.clock_irq_handler  nrf_drv_clock.o
    0x000280b0   0x000280b0   0x00000018   Code   RO         2973    i.compare_func      app_timer2.o
    0x000280c8   0x000280c8   0x0000001e   Code   RO         1183    i.conn_handle_id_find  nrf_ble_gq.o
    0x000280e6   0x000280e6   0x00000002   PAD
    0x000280e8   0x000280e8   0x00000100   Code   RO         1066    i.data_length_update  nrf_ble_gatt.o
    0x000281e8   0x000281e8   0x0000000c   Code   RO            9    i.db_disc_handler   main.o
    0x000281f4   0x000281f4   0x000000b8   Code   RO          865    i.descriptors_discover  ble_db_discovery.o
    0x000282ac   0x000282ac   0x00000048   Code   RO         2656    i.detection_delay_timeout_handler  app_button.o
    0x000282f4   0x000282f4   0x00000030   Code   RO          866    i.discovery_available_evt_trigger  ble_db_discovery.o
    0x00028324   0x00028324   0x000000b4   Code   RO          867    i.discovery_complete_evt_trigger  ble_db_discovery.o
    0x000283d8   0x000283d8   0x00000050   Code   RO          868    i.discovery_error_handler  ble_db_discovery.o
    0x00028428   0x00028428   0x000000a0   Code   RO          869    i.discovery_start   ble_db_discovery.o
    0x000284c8   0x000284c8   0x00000014   Code   RO         4425    i.dropped_sat16_get  nrf_log_frontend.o
    0x000284dc   0x000284dc   0x00000014   Code   RO         3252    i.drv_rtc_compare_disable  drv_rtc.o
    0x000284f0   0x000284f0   0x0000000e   Code   RO         3255    i.drv_rtc_compare_pending  drv_rtc.o
    0x000284fe   0x000284fe   0x00000050   Code   RO         3256    i.drv_rtc_compare_set  drv_rtc.o
    0x0002854e   0x0002854e   0x00000008   Code   RO         3257    i.drv_rtc_counter_get  drv_rtc.o
    0x00028556   0x00028556   0x00000002   PAD
    0x00028558   0x00028558   0x000000d8   Code   RO         3258    i.drv_rtc_init      drv_rtc.o
    0x00028630   0x00028630   0x0000001e   Code   RO         3259    i.drv_rtc_irq_trigger  drv_rtc.o
    0x0002864e   0x0002864e   0x00000008   Code   RO         3261    i.drv_rtc_overflow_enable  drv_rtc.o
    0x00028656   0x00028656   0x00000008   Code   RO         3262    i.drv_rtc_overflow_pending  drv_rtc.o
    0x0002865e   0x0002865e   0x00000008   Code   RO         3263    i.drv_rtc_start     drv_rtc.o
    0x00028666   0x00028666   0x00000008   Code   RO         3264    i.drv_rtc_stop      drv_rtc.o
    0x0002866e   0x0002866e   0x000000de   Code   RO         3269    i.drv_rtc_windowed_compare_set  drv_rtc.o
    0x0002874c   0x0002874c   0x00000012   Code   RO         3270    i.evt_enable        drv_rtc.o
    0x0002875e   0x0002875e   0x00000002   PAD
    0x00028760   0x00028760   0x000000e0   Code   RO         2657    i.evt_handle        app_button.o
    0x00028840   0x00028840   0x00000014   Code   RO         3271    i.evt_pending       drv_rtc.o
    0x00028854   0x00028854   0x00000014   Code   RO         2847    i.fifo_get          app_fifo.o
    0x00028868   0x00028868   0x00000012   Code   RO         2848    i.fifo_put          app_fifo.o
    0x0002887a   0x0002887a   0x0000000e   Code   RO         4247    i.fputc             retarget.o
    0x00028888   0x00028888   0x0000006c   Code   RO         1389    i.gatt_error_handler  ble_nus_c.o
    0x000288f4   0x000288f4   0x00000090   Code   RO           10    i.gatt_evt_handler  main.o
    0x00028984   0x00028984   0x00000030   Code   RO           11    i.gatt_init         main.o
    0x000289b4   0x000289b4   0x00000074   Code   RO         1184    i.gattc_write_alloc  nrf_ble_gq.o
    0x00028a28   0x00028a28   0x00000084   Code   RO         1185    i.gatts_hvx_alloc   nrf_ble_gq.o
    0x00028aac   0x00028aac   0x00000034   Code   RO         2974    i.get_now           app_timer2.o
    0x00028ae0   0x00028ae0   0x0000003c   Code   RO         2658    i.gpiote_event_handler  app_button.o
    0x00028b1c   0x00028b1c   0x000000a6   Code   RO         3751    i.int_print         nrf_fprintf_format.o
    0x00028bc2   0x00028bc2   0x00000002   PAD
    0x00028bc4   0x00028bc4   0x00000088   Code   RO         2492    i.interrupts_enable  nrfx_uarte.o
    0x00028c4c   0x00028c4c   0x00000034   Code   RO         4426    i.invalid_packets_omit  nrf_log_frontend.o
    0x00028c80   0x00028c80   0x0000004c   Code   RO          870    i.is_desc_discovery_reqd  ble_db_discovery.o
    0x00028ccc   0x00028ccc   0x00000016   Code   RO         1264    i.is_whitelist_used  nrf_ble_scan.o
    0x00028ce2   0x00028ce2   0x00000002   PAD
    0x00028ce4   0x00028ce4   0x00000030   Code   RO          538    i.leds_off          bsp.o
    0x00028d14   0x00028d14   0x00000014   Code   RO          539    i.leds_timer_handler  bsp.o
    0x00028d28   0x00028d28   0x00000018   Code   RO         1067    i.link_init         nrf_ble_gatt.o
    0x00028d40   0x00028d40   0x00000002   Code   RO         4427    i.log_pending_hook  nrf_log_frontend.o
    0x00028d42   0x00028d42   0x00000002   PAD
    0x00028d44   0x00028d44   0x000000a4   Code   RO         4428    i.log_skip          nrf_log_frontend.o
    0x00028de8   0x00028de8   0x00000180   Code   RO           12    i.main              main.o
    0x00028f68   0x00028f68   0x0000007e   Code   RO         3790    i.memobj_op         nrf_memobj.o
    0x00028fe6   0x00028fe6   0x00000002   PAD
    0x00028fe8   0x00028fe8   0x00000030   Code   RO         4429    i.module_idx_get    nrf_log_frontend.o
    0x00029018   0x00029018   0x00000026   Code   RO         3469    i.nrf_atfifo_init   nrf_atfifo.o
    0x0002903e   0x0002903e   0x00000016   Code   RO         3470    i.nrf_atfifo_item_alloc  nrf_atfifo.o
    0x00029054   0x00029054   0x00000016   Code   RO         3471    i.nrf_atfifo_item_free  nrf_atfifo.o
    0x0002906a   0x0002906a   0x00000016   Code   RO         3472    i.nrf_atfifo_item_get  nrf_atfifo.o
    0x00029080   0x00029080   0x00000016   Code   RO         3473    i.nrf_atfifo_item_put  nrf_atfifo.o
    0x00029096   0x00029096   0x00000006   Code   RO         3537    i.nrf_atomic_flag_clear_fetch  nrf_atomic.o
    0x0002909c   0x0002909c   0x00000006   Code   RO         3538    i.nrf_atomic_flag_set  nrf_atomic.o
    0x000290a2   0x000290a2   0x0000000c   Code   RO         3540    i.nrf_atomic_u32_add  nrf_atomic.o
    0x000290ae   0x000290ae   0x0000000a   Code   RO         3544    i.nrf_atomic_u32_fetch_and  nrf_atomic.o
    0x000290b8   0x000290b8   0x0000000a   Code   RO         3546    i.nrf_atomic_u32_fetch_store  nrf_atomic.o
    0x000290c2   0x000290c2   0x0000000c   Code   RO         3550    i.nrf_atomic_u32_or  nrf_atomic.o
    0x000290ce   0x000290ce   0x0000000c   Code   RO         3552    i.nrf_atomic_u32_sub  nrf_atomic.o
    0x000290da   0x000290da   0x00000044   Code   RO         3674    i.nrf_balloc_alloc  nrf_balloc.o
    0x0002911e   0x0002911e   0x00000030   Code   RO         3675    i.nrf_balloc_free   nrf_balloc.o
    0x0002914e   0x0002914e   0x00000030   Code   RO         3676    i.nrf_balloc_init   nrf_balloc.o
    0x0002917e   0x0002917e   0x00000010   Code   RO         1948    i.nrf_bitmask_bit_is_set  nrfx_gpiote.o
    0x0002918e   0x0002918e   0x00000018   Code   RO         1068    i.nrf_ble_gatt_att_mtu_central_set  nrf_ble_gatt.o
    0x000291a6   0x000291a6   0x00000022   Code   RO         1073    i.nrf_ble_gatt_init  nrf_ble_gatt.o
    0x000291c8   0x000291c8   0x000000ec   Code   RO         1074    i.nrf_ble_gatt_on_ble_evt  nrf_ble_gatt.o
    0x000292b4   0x000292b4   0x000000b8   Code   RO         1186    i.nrf_ble_gq_conn_handle_register  nrf_ble_gq.o
    0x0002936c   0x0002936c   0x00000114   Code   RO         1187    i.nrf_ble_gq_item_add  nrf_ble_gq.o
    0x00029480   0x00029480   0x00000060   Code   RO         1188    i.nrf_ble_gq_on_ble_evt  nrf_ble_gq.o
    0x000294e0   0x000294e0   0x0000009c   Code   RO         1266    i.nrf_ble_scan_connect_with_target  nrf_ble_scan.o
    0x0002957c   0x0002957c   0x00000014   Code   RO         1268    i.nrf_ble_scan_default_conn_param_set  nrf_ble_scan.o
    0x00029590   0x00029590   0x0000001e   Code   RO         1269    i.nrf_ble_scan_default_param_set  nrf_ble_scan.o
    0x000295ae   0x000295ae   0x00000002   PAD
    0x000295b0   0x000295b0   0x00000084   Code   RO         1271    i.nrf_ble_scan_filter_set  nrf_ble_scan.o
    0x00029634   0x00029634   0x0000000e   Code   RO         1272    i.nrf_ble_scan_filters_disable  nrf_ble_scan.o
    0x00029642   0x00029642   0x00000036   Code   RO         1273    i.nrf_ble_scan_filters_enable  nrf_ble_scan.o
    0x00029678   0x00029678   0x0000006a   Code   RO         1274    i.nrf_ble_scan_init  nrf_ble_scan.o
    0x000296e2   0x000296e2   0x000000fc   Code   RO         1275    i.nrf_ble_scan_on_adv_report  nrf_ble_scan.o
    0x000297de   0x000297de   0x00000002   PAD
    0x000297e0   0x000297e0   0x000000b4   Code   RO         1276    i.nrf_ble_scan_on_ble_evt  nrf_ble_scan.o
    0x00029894   0x00029894   0x000000a0   Code   RO         1278    i.nrf_ble_scan_start  nrf_ble_scan.o
    0x00029934   0x00029934   0x0000000e   Code   RO         1806    i.nrf_clock_event_check  nrfx_clock.o
    0x00029942   0x00029942   0x00000010   Code   RO         1807    i.nrf_clock_event_clear  nrfx_clock.o
    0x00029952   0x00029952   0x00000002   PAD
    0x00029954   0x00029954   0x00000040   Code   RO         1465    i.nrf_drv_clock_init  nrf_drv_clock.o
    0x00029994   0x00029994   0x00000034   Code   RO         1469    i.nrf_drv_clock_lfclk_release  nrf_drv_clock.o
    0x000299c8   0x000299c8   0x00000068   Code   RO         1614    i.nrf_drv_uart_init  nrf_drv_uart.o
    0x00029a30   0x00029a30   0x00000020   Code   RO         3111    i.nrf_drv_uart_rx   app_uart_fifo.o
    0x00029a50   0x00029a50   0x00000020   Code   RO         3112    i.nrf_drv_uart_tx   app_uart_fifo.o
    0x00029a70   0x00029a70   0x0000001a   Code   RO         3711    i.nrf_fprintf       nrf_fprintf.o
    0x00029a8a   0x00029a8a   0x00000018   Code   RO         3712    i.nrf_fprintf_buffer_flush  nrf_fprintf.o
    0x00029aa2   0x00029aa2   0x000001da   Code   RO         3752    i.nrf_fprintf_fmt   nrf_fprintf_format.o
    0x00029c7c   0x00029c7c   0x00000024   Code   RO          425    i.nrf_gpio_cfg      boards.o
    0x00029ca0   0x00029ca0   0x00000024   Code   RO         1949    i.nrf_gpio_cfg      nrfx_gpiote.o
    0x00029cc4   0x00029cc4   0x00000024   Code   RO         2304    i.nrf_gpio_cfg      nrfx_uart.o
    0x00029ce8   0x00029ce8   0x00000024   Code   RO         2493    i.nrf_gpio_cfg      nrfx_uarte.o
    0x00029d0c   0x00029d0c   0x00000012   Code   RO         2306    i.nrf_gpio_cfg_input  nrfx_uart.o
    0x00029d1e   0x00029d1e   0x00000012   Code   RO         2495    i.nrf_gpio_cfg_input  nrfx_uarte.o
    0x00029d30   0x00029d30   0x00000014   Code   RO         2307    i.nrf_gpio_cfg_output  nrfx_uart.o
    0x00029d44   0x00029d44   0x00000014   Code   RO         2496    i.nrf_gpio_cfg_output  nrfx_uarte.o
    0x00029d58   0x00029d58   0x00000022   Code   RO         1951    i.nrf_gpio_cfg_sense_set  nrfx_gpiote.o
    0x00029d7a   0x00029d7a   0x00000002   PAD
    0x00029d7c   0x00029d7c   0x0000002c   Code   RO         1952    i.nrf_gpio_latches_read_and_clear  nrfx_gpiote.o
    0x00029da8   0x00029da8   0x0000001e   Code   RO         1953    i.nrf_gpio_pin_present_check  nrfx_gpiote.o
    0x00029dc6   0x00029dc6   0x00000016   Code   RO          426    i.nrf_gpio_pin_write  boards.o
    0x00029ddc   0x00029ddc   0x00000014   Code   RO         1954    i.nrf_gpiote_event_clear  nrfx_gpiote.o
    0x00029df0   0x00029df0   0x00000010   Code   RO         1955    i.nrf_gpiote_event_is_set  nrfx_gpiote.o
    0x00029e00   0x00029e00   0x0000005c   Code   RO         4430    i.nrf_log_backend_add  nrf_log_frontend.o
    0x00029e5c   0x00029e5c   0x00000002   Code   RO         4284    i.nrf_log_backend_rtt_flush  nrf_log_backend_rtt.o
    0x00029e5e   0x00029e5e   0x00000004   Code   RO         4285    i.nrf_log_backend_rtt_init  nrf_log_backend_rtt.o
    0x00029e62   0x00029e62   0x00000002   Code   RO         4286    i.nrf_log_backend_rtt_panic_set  nrf_log_backend_rtt.o
    0x00029e64   0x00029e64   0x00000018   Code   RO         4287    i.nrf_log_backend_rtt_put  nrf_log_backend_rtt.o
    0x00029e7c   0x00029e7c   0x000000c2   Code   RO         4353    i.nrf_log_backend_serial_put  nrf_log_backend_serial.o
    0x00029f3e   0x00029f3e   0x00000002   PAD
    0x00029f40   0x00029f40   0x00000030   Code   RO         4432    i.nrf_log_color_id_get  nrf_log_frontend.o
    0x00029f70   0x00029f70   0x0000001c   Code   RO         4387    i.nrf_log_default_backends_init  nrf_log_default_backends.o
    0x00029f8c   0x00029f8c   0x00000234   Code   RO         4433    i.nrf_log_frontend_dequeue  nrf_log_frontend.o
    0x0002a1c0   0x0002a1c0   0x000000ac   Code   RO         4434    i.nrf_log_frontend_hexdump  nrf_log_frontend.o
    0x0002a26c   0x0002a26c   0x00000008   Code   RO         4435    i.nrf_log_frontend_std_0  nrf_log_frontend.o
    0x0002a274   0x0002a274   0x0000000e   Code   RO         4436    i.nrf_log_frontend_std_1  nrf_log_frontend.o
    0x0002a282   0x0002a282   0x00000010   Code   RO         4437    i.nrf_log_frontend_std_2  nrf_log_frontend.o
    0x0002a292   0x0002a292   0x00000012   Code   RO         4438    i.nrf_log_frontend_std_3  nrf_log_frontend.o
    0x0002a2a4   0x0002a2a4   0x0000001c   Code   RO         4441    i.nrf_log_frontend_std_6  nrf_log_frontend.o
    0x0002a2c0   0x0002a2c0   0x000000b0   Code   RO         4616    i.nrf_log_hexdump_entry_process  nrf_log_str_formatter.o
    0x0002a370   0x0002a370   0x00000028   Code   RO         4442    i.nrf_log_init      nrf_log_frontend.o
    0x0002a398   0x0002a398   0x00000014   Code   RO         4443    i.nrf_log_module_cnt_get  nrf_log_frontend.o
    0x0002a3ac   0x0002a3ac   0x0000001c   Code   RO         4446    i.nrf_log_module_name_get  nrf_log_frontend.o
    0x0002a3c8   0x0002a3c8   0x00000028   Code   RO         4447    i.nrf_log_panic     nrf_log_frontend.o
    0x0002a3f0   0x0002a3f0   0x000000b6   Code   RO         4617    i.nrf_log_std_entry_process  nrf_log_str_formatter.o
    0x0002a4a6   0x0002a4a6   0x00000060   Code   RO         3791    i.nrf_memobj_alloc  nrf_memobj.o
    0x0002a506   0x0002a506   0x00000032   Code   RO         3792    i.nrf_memobj_free   nrf_memobj.o
    0x0002a538   0x0002a538   0x00000008   Code   RO         3793    i.nrf_memobj_get    nrf_memobj.o
    0x0002a540   0x0002a540   0x00000004   Code   RO         3794    i.nrf_memobj_pool_init  nrf_memobj.o
    0x0002a544   0x0002a544   0x0000001e   Code   RO         3795    i.nrf_memobj_put    nrf_memobj.o
    0x0002a562   0x0002a562   0x00000010   Code   RO         3796    i.nrf_memobj_read   nrf_memobj.o
    0x0002a572   0x0002a572   0x00000010   Code   RO         3797    i.nrf_memobj_write  nrf_memobj.o
    0x0002a582   0x0002a582   0x00000002   PAD
    0x0002a584   0x0002a584   0x00000028   Code   RO         3869    i.nrf_pwr_mgmt_init  nrf_pwr_mgmt.o
    0x0002a5ac   0x0002a5ac   0x00000044   Code   RO         3870    i.nrf_pwr_mgmt_run  nrf_pwr_mgmt.o
    0x0002a5f0   0x0002a5f0   0x0000003c   Code   RO         3871    i.nrf_pwr_mgmt_shutdown  nrf_pwr_mgmt.o
    0x0002a62c   0x0002a62c   0x0000008e   Code   RO         3943    i.nrf_queue_generic_pop  nrf_queue.o
    0x0002a6ba   0x0002a6ba   0x00000012   Code   RO         3945    i.nrf_queue_is_empty  nrf_queue.o
    0x0002a6cc   0x0002a6cc   0x0000001e   Code   RO         3946    i.nrf_queue_is_full  nrf_queue.o
    0x0002a6ea   0x0002a6ea   0x0000000e   Code   RO         3949    i.nrf_queue_next_idx  nrf_queue.o
    0x0002a6f8   0x0002a6f8   0x000000b2   Code   RO         3951    i.nrf_queue_push    nrf_queue.o
    0x0002a7aa   0x0002a7aa   0x0000001c   Code   RO         4064    i.nrf_ringbuf_init  nrf_ringbuf.o
    0x0002a7c6   0x0002a7c6   0x0000000c   Code   RO         3272    i.nrf_rtc_event_clear  drv_rtc.o
    0x0002a7d2   0x0002a7d2   0x00000002   PAD
    0x0002a7d4   0x0002a7d4   0x00000014   Code   RO         5047    i.nrf_sdh_ble_app_ram_start_get  nrf_sdh_ble.o
    0x0002a7e8   0x0002a7e8   0x00000130   Code   RO         5048    i.nrf_sdh_ble_default_cfg_set  nrf_sdh_ble.o
    0x0002a918   0x0002a918   0x00000130   Code   RO         5049    i.nrf_sdh_ble_enable  nrf_sdh_ble.o
    0x0002aa48   0x0002aa48   0x00000060   Code   RO         5050    i.nrf_sdh_ble_evts_poll  nrf_sdh_ble.o
    0x0002aaa8   0x0002aaa8   0x00000074   Code   RO         4929    i.nrf_sdh_enable_request  nrf_sdh.o
    0x0002ab1c   0x0002ab1c   0x00000024   Code   RO         4930    i.nrf_sdh_evts_poll  nrf_sdh.o
    0x0002ab40   0x0002ab40   0x0000000c   Code   RO         4931    i.nrf_sdh_is_enabled  nrf_sdh.o
    0x0002ab4c   0x0002ab4c   0x0000003c   Code   RO         5101    i.nrf_sdh_soc_evts_poll  nrf_sdh_soc.o
    0x0002ab88   0x0002ab88   0x0000000a   Code   RO         4122    i.nrf_section_iter_init  nrf_section_iter.o
    0x0002ab92   0x0002ab92   0x00000024   Code   RO         4123    i.nrf_section_iter_item_set  nrf_section_iter.o
    0x0002abb6   0x0002abb6   0x00000020   Code   RO         4124    i.nrf_section_iter_next  nrf_section_iter.o
    0x0002abd6   0x0002abd6   0x00000022   Code   RO         4157    i.nrf_sortlist_add  nrf_sortlist.o
    0x0002abf8   0x0002abf8   0x00000006   Code   RO         4159    i.nrf_sortlist_peek  nrf_sortlist.o
    0x0002abfe   0x0002abfe   0x0000000e   Code   RO         4160    i.nrf_sortlist_pop  nrf_sortlist.o
    0x0002ac0c   0x0002ac0c   0x0000001e   Code   RO         4161    i.nrf_sortlist_remove  nrf_sortlist.o
    0x0002ac2a   0x0002ac2a   0x00000002   PAD
    0x0002ac2c   0x0002ac2c   0x00000038   Code   RO         4213    i.nrf_strerror_find  nrf_strerror.o
    0x0002ac64   0x0002ac64   0x00000014   Code   RO         4214    i.nrf_strerror_get  nrf_strerror.o
    0x0002ac78   0x0002ac78   0x0000000a   Code   RO         2308    i.nrf_uart_event_check  nrfx_uart.o
    0x0002ac82   0x0002ac82   0x0000000c   Code   RO         2309    i.nrf_uart_event_clear  nrfx_uart.o
    0x0002ac8e   0x0002ac8e   0x0000000c   Code   RO         2310    i.nrf_uart_int_enable_check  nrfx_uart.o
    0x0002ac9a   0x0002ac9a   0x0000000a   Code   RO         2497    i.nrf_uarte_event_check  nrfx_uarte.o
    0x0002aca4   0x0002aca4   0x0000000c   Code   RO         2498    i.nrf_uarte_event_clear  nrfx_uarte.o
    0x0002acb0   0x0002acb0   0x00000010   Code   RO         1472    i.nrf_wdt_started   nrf_drv_clock.o
    0x0002acc0   0x0002acc0   0x0000002c   Code   RO         1812    i.nrfx_clock_enable  nrfx_clock.o
    0x0002acec   0x0002acec   0x00000020   Code   RO         1815    i.nrfx_clock_init   nrfx_clock.o
    0x0002ad0c   0x0002ad0c   0x00000030   Code   RO         1818    i.nrfx_clock_lfclk_stop  nrfx_clock.o
    0x0002ad3c   0x0002ad3c   0x00000010   Code   RO         3273    i.nrfx_coredep_delay_us  drv_rtc.o
    0x0002ad4c   0x0002ad4c   0x000000a0   Code   RO         1961    i.nrfx_gpiote_in_event_enable  nrfx_gpiote.o
    0x0002adec   0x0002adec   0x000000cc   Code   RO         1963    i.nrfx_gpiote_in_init  nrfx_gpiote.o
    0x0002aeb8   0x0002aeb8   0x00000014   Code   RO         1964    i.nrfx_gpiote_in_is_set  nrfx_gpiote.o
    0x0002aecc   0x0002aecc   0x00000074   Code   RO         1966    i.nrfx_gpiote_init  nrfx_gpiote.o
    0x0002af40   0x0002af40   0x00000014   Code   RO         1967    i.nrfx_gpiote_is_init  nrfx_gpiote.o
    0x0002af54   0x0002af54   0x00000010   Code   RO         2499    i.nrfx_is_in_ram    nrfx_uarte.o
    0x0002af64   0x0002af64   0x0000003a   Code   RO         2250    i.nrfx_prs_acquire  nrfx_prs.o
    0x0002af9e   0x0002af9e   0x00000002   PAD
    0x0002afa0   0x0002afa0   0x00000010   Code   RO         2311    i.nrfx_uart_0_irq_handler  nrfx_uart.o
    0x0002afb0   0x0002afb0   0x000000d4   Code   RO         2313    i.nrfx_uart_init    nrfx_uart.o
    0x0002b084   0x0002b084   0x000000ec   Code   RO         2314    i.nrfx_uart_rx      nrfx_uart.o
    0x0002b170   0x0002b170   0x000000a8   Code   RO         2319    i.nrfx_uart_tx      nrfx_uart.o
    0x0002b218   0x0002b218   0x00000020   Code   RO         2321    i.nrfx_uart_tx_in_progress  nrfx_uart.o
    0x0002b238   0x0002b238   0x00000010   Code   RO         2500    i.nrfx_uarte_0_irq_handler  nrfx_uarte.o
    0x0002b248   0x0002b248   0x0000006c   Code   RO         2502    i.nrfx_uarte_init   nrfx_uarte.o
    0x0002b2b4   0x0002b2b4   0x00000104   Code   RO         2503    i.nrfx_uarte_rx     nrfx_uarte.o
    0x0002b3b8   0x0002b3b8   0x000000ac   Code   RO         2506    i.nrfx_uarte_tx     nrfx_uarte.o
    0x0002b464   0x0002b464   0x0000001c   Code   RO         2508    i.nrfx_uarte_tx_in_progress  nrfx_uarte.o
    0x0002b480   0x0002b480   0x00000004   Code   RO           13    i.nus_error_handler  main.o
    0x0002b484   0x0002b484   0x00000018   Code   RO         5145    i.nvmc_config       system_nrf52.o
    0x0002b49c   0x0002b49c   0x00000150   Code   RO          871    i.on_characteristic_discovery_rsp  ble_db_discovery.o
    0x0002b5ec   0x0002b5ec   0x00000108   Code   RO         1075    i.on_connected_evt  nrf_ble_gatt.o
    0x0002b6f4   0x0002b6f4   0x00000114   Code   RO         1076    i.on_data_length_update_evt  nrf_ble_gatt.o
    0x0002b808   0x0002b808   0x0000007c   Code   RO         1077    i.on_data_length_update_request_evt  nrf_ble_gatt.o
    0x0002b884   0x0002b884   0x00000100   Code   RO          872    i.on_descriptor_discovery_rsp  ble_db_discovery.o
    0x0002b984   0x0002b984   0x0000014c   Code   RO         1078    i.on_exchange_mtu_request_evt  nrf_ble_gatt.o
    0x0002bad0   0x0002bad0   0x000000ac   Code   RO         1079    i.on_exchange_mtu_rsp_evt  nrf_ble_gatt.o
    0x0002bb7c   0x0002bb7c   0x00000118   Code   RO          873    i.on_primary_srv_discovery_rsp  ble_db_discovery.o
    0x0002bc94   0x0002bc94   0x000000c0   Code   RO          874    i.on_srv_disc_completion  ble_db_discovery.o
    0x0002bd54   0x0002bd54   0x0000001c   Code   RO         1985    i.pin_configured_set  nrfx_gpiote.o
    0x0002bd70   0x0002bd70   0x00000018   Code   RO         1986    i.pin_in_use_by_port  nrfx_gpiote.o
    0x0002bd88   0x0002bd88   0x00000018   Code   RO         1987    i.pin_in_use_by_te  nrfx_gpiote.o
    0x0002bda0   0x0002bda0   0x000000b4   Code   RO         1988    i.port_event_handle  nrfx_gpiote.o
    0x0002be54   0x0002be54   0x00000010   Code   RO         1989    i.port_handler_polarity_get  nrfx_gpiote.o
    0x0002be64   0x0002be64   0x0000003c   Code   RO         4619    i.postfix_process   nrf_log_str_formatter.o
    0x0002bea0   0x0002bea0   0x00000098   Code   RO         4620    i.prefix_process    nrf_log_str_formatter.o
    0x0002bf38   0x0002bf38   0x00000018   Code   RO         2252    i.prs_box_get       nrfx_prs.o
    0x0002bf50   0x0002bf50   0x00000274   Code   RO         1189    i.queue_process     nrf_ble_gq.o
    0x0002c1c4   0x0002c1c4   0x00000018   Code   RO         3957    i.queue_utilization_get  nrf_queue.o
    0x0002c1dc   0x0002c1dc   0x000000d8   Code   RO         1190    i.queues_purge      nrf_ble_gq.o
    0x0002c2b4   0x0002c2b4   0x00000038   Code   RO          875    i.registered_handler_get  ble_db_discovery.o
    0x0002c2ec   0x0002c2ec   0x0000009c   Code   RO         1191    i.request_err_code_handle  nrf_ble_gq.o
    0x0002c388   0x0002c388   0x000001c4   Code   RO         1192    i.request_process   nrf_ble_gq.o
    0x0002c54c   0x0002c54c   0x0000005c   Code   RO         2975    i.rtc_irq           app_timer2.o
    0x0002c5a8   0x0002c5a8   0x0000006c   Code   RO         2976    i.rtc_schedule      app_timer2.o
    0x0002c614   0x0002c614   0x0000008c   Code   RO         2977    i.rtc_update        app_timer2.o
    0x0002c6a0   0x0002c6a0   0x00000032   Code   RO         2323    i.rx_byte           nrfx_uart.o
    0x0002c6d2   0x0002c6d2   0x00000016   Code   RO         2324    i.rx_done_event     nrfx_uart.o
    0x0002c6e8   0x0002c6e8   0x00000016   Code   RO         2510    i.rx_done_event     nrfx_uarte.o
    0x0002c6fe   0x0002c6fe   0x00000020   Code   RO         2325    i.rx_enable         nrfx_uart.o
    0x0002c71e   0x0002c71e   0x00000002   PAD
    0x0002c720   0x0002c720   0x000000a0   Code   RO           14    i.scan_evt_handler  main.o
    0x0002c7c0   0x0002c7c0   0x00000058   Code   RO           15    i.scan_init         main.o
    0x0002c818   0x0002c818   0x00000028   Code   RO           16    i.scan_start        main.o
    0x0002c840   0x0002c840   0x00000058   Code   RO         1473    i.sd_state_evt_handler  nrf_drv_clock.o
    0x0002c898   0x0002c898   0x00000030   Code   RO         4936    i.sdh_request_observer_notify  nrf_sdh.o
    0x0002c8c8   0x0002c8c8   0x0000002c   Code   RO         4937    i.sdh_state_observer_notify  nrf_sdh.o
    0x0002c8f4   0x0002c8f4   0x00000050   Code   RO         4288    i.serial_tx         nrf_log_backend_rtt.o
    0x0002c944   0x0002c944   0x00000020   Code   RO           17    i.shutdown_handler  main.o
    0x0002c964   0x0002c964   0x0000007c   Code   RO         3872    i.shutdown_process  nrf_pwr_mgmt.o
    0x0002c9e0   0x0002c9e0   0x00000018   Code   RO         1474    i.soc_evt_handler   nrf_drv_clock.o
    0x0002c9f8   0x0002c9f8   0x00000058   Code   RO         4939    i.softdevices_evt_irq_enable  nrf_sdh.o
    0x0002ca50   0x0002ca50   0x0000000c   Code   RO         2978    i.sortlist_pop      app_timer2.o
    0x0002ca5c   0x0002ca5c   0x00000030   Code   RO         2659    i.state_set         app_button.o
    0x0002ca8c   0x0002ca8c   0x00000098   Code   RO         4449    i.std_n             nrf_log_frontend.o
    0x0002cb24   0x0002cb24   0x00000098   Code   RO         2979    i.timer_expire      app_timer2.o
    0x0002cbbc   0x0002cbbc   0x00000080   Code   RO         2980    i.timer_req_process  app_timer2.o
    0x0002cc3c   0x0002cc3c   0x00000038   Code   RO         2981    i.timer_req_schedule  app_timer2.o
    0x0002cc74   0x0002cc74   0x00000018   Code   RO         2660    i.timer_start       app_button.o
    0x0002cc8c   0x0002cc8c   0x00000020   Code   RO         2326    i.tx_byte           nrfx_uart.o
    0x0002ccac   0x0002ccac   0x0000001a   Code   RO         2327    i.tx_done_event     nrfx_uart.o
    0x0002ccc6   0x0002ccc6   0x0000001a   Code   RO         2511    i.tx_done_event     nrfx_uarte.o
    0x0002cce0   0x0002cce0   0x00000128   Code   RO           18    i.uart_event_handle  main.o
    0x0002ce08   0x0002ce08   0x000000a4   Code   RO         3113    i.uart_event_handler  app_uart_fifo.o
    0x0002ceac   0x0002ceac   0x00000030   Code   RO         1615    i.uart_evt_handler  nrf_drv_uart.o
    0x0002cedc   0x0002cedc   0x0000012a   Code   RO         2328    i.uart_irq_handler  nrfx_uart.o
    0x0002d006   0x0002d006   0x00000002   PAD
    0x0002d008   0x0002d008   0x00000030   Code   RO         1616    i.uarte_evt_handler  nrf_drv_uart.o
    0x0002d038   0x0002d038   0x00000112   Code   RO         2512    i.uarte_irq_handler  nrfx_uarte.o
    0x0002d14a   0x0002d14a   0x00000002   PAD
    0x0002d14c   0x0002d14c   0x000000b4   Code   RO         3753    i.unsigned_print    nrf_fprintf_format.o
    0x0002d200   0x0002d200   0x00000020   Code   RO         2661    i.usr_event         app_button.o
    0x0002d220   0x0002d220   0x0000003a   Code   RO          540    i.wakeup_button_cfg  bsp.o
    0x0002d25a   0x0002d25a   0x00000002   PAD
    0x0002d25c   0x0002d25c   0x00000014   Data   RO           24    .constdata          main.o
    0x0002d270   0x0002d270   0x0000001c   Data   RO           25    .constdata          main.o
    0x0002d28c   0x0002d28c   0x00000008   Data   RO          427    .constdata          boards.o
    0x0002d294   0x0002d294   0x0000002c   Data   RO          542    .constdata          bsp.o
    0x0002d2c0   0x0002d2c0   0x0000007c   Data   RO          877    .constdata          ble_db_discovery.o
    0x0002d33c   0x0002d33c   0x00000016   Data   RO         1080    .constdata          nrf_ble_gatt.o
    0x0002d352   0x0002d352   0x00000002   PAD
    0x0002d354   0x0002d354   0x00000018   Data   RO         1193    .constdata          nrf_ble_gq.o
    0x0002d36c   0x0002d36c   0x00000010   Data   RO         1390    .constdata          ble_nus_c.o
    0x0002d37c   0x0002d37c   0x00000004   Data   RO         1991    .constdata          nrfx_gpiote.o
    0x0002d380   0x0002d380   0x00000004   Data   RO         2331    .constdata          nrfx_uart.o
    0x0002d384   0x0002d384   0x00000004   Data   RO         2515    .constdata          nrfx_uarte.o
    0x0002d388   0x0002d388   0x00000008   Data   RO         2663    .constdata          app_button.o
    0x0002d390   0x0002d390   0x00000014   Data   RO         2984    .constdata          app_timer2.o
    0x0002d3a4   0x0002d3a4   0x00000020   Data   RO         3115    .constdata          app_uart_fifo.o
    0x0002d3c4   0x0002d3c4   0x0000000c   PAD
    0x0002d3d0   0x0002d3d0   0x00000006   Data   RO         3274    .constdata          drv_rtc.o
    0x0002d3d6   0x0002d3d6   0x00000010   Data   RO         3754    .constdata          nrf_fprintf_format.o
    0x0002d3e6   0x0002d3e6   0x00000002   PAD
    0x0002d3e8   0x0002d3e8   0x00000018   Data   RO         3874    .constdata          nrf_pwr_mgmt.o
    0x0002d400   0x0002d400   0x0000000c   Data   RO         3875    .constdata          nrf_pwr_mgmt.o
    0x0002d40c   0x0002d40c   0x0000013c   Data   RO         4215    .constdata          nrf_strerror.o
    0x0002d548   0x0002d548   0x0000000c   Data   RO         4290    .constdata          nrf_log_backend_rtt.o
    0x0002d554   0x0002d554   0x0000000c   PAD
    0x0002d560   0x0002d560   0x00000006   Data   RO         4291    .constdata          nrf_log_backend_rtt.o
    0x0002d566   0x0002d566   0x00000002   PAD
    0x0002d568   0x0002d568   0x0000000c   Data   RO         4454    .constdata          nrf_log_frontend.o
    0x0002d574   0x0002d574   0x00000010   Data   RO         4940    .constdata          nrf_sdh.o
    0x0002d584   0x0002d584   0x00000028   Data   RO         4941    .constdata          nrf_sdh.o
    0x0002d5ac   0x0002d5ac   0x00000010   Data   RO         4942    .constdata          nrf_sdh.o
    0x0002d5bc   0x0002d5bc   0x00000010   Data   RO         4943    .constdata          nrf_sdh.o
    0x0002d5cc   0x0002d5cc   0x00000020   Data   RO         5051    .constdata          nrf_sdh_ble.o
    0x0002d5ec   0x0002d5ec   0x00000010   Data   RO         5052    .constdata          nrf_sdh_ble.o
    0x0002d5fc   0x0002d5fc   0x00000010   Data   RO         5102    .constdata          nrf_sdh_soc.o
    0x0002d60c   0x0002d60c   0x0000000c   Data   RO         5103    .constdata          nrf_sdh_soc.o
    0x0002d618   0x0002d618   0x00000081   Data   RO         5212    .constdata          mc_w.l(ctype_o.o)
    0x0002d699   0x0002d699   0x00000003   PAD
    0x0002d69c   0x0002d69c   0x00000004   Data   RO         5213    .constdata          mc_w.l(ctype_o.o)
    0x0002d6a0   0x0002d6a0   0x0000018c   Data   RO          878    .conststring        ble_db_discovery.o
    0x0002d82c   0x0002d82c   0x0000013e   Data   RO         1081    .conststring        nrf_ble_gatt.o
    0x0002d96a   0x0002d96a   0x00000002   PAD
    0x0002d96c   0x0002d96c   0x0000011e   Data   RO         1194    .conststring        nrf_ble_gq.o
    0x0002da8a   0x0002da8a   0x00000002   PAD
    0x0002da8c   0x0002da8c   0x000003eb   Data   RO         4216    .conststring        nrf_strerror.o
    0x0002de77   0x0002de77   0x00000001   PAD
    0x0002de78   0x0002de78   0x00000066   Data   RO         4621    .conststring        nrf_log_str_formatter.o
    0x0002dede   0x0002dede   0x00000002   PAD
    0x0002dee0   0x0002dee0   0x000001cf   Data   RO         5053    .conststring        nrf_sdh_ble.o
    0x0002e0af   0x0002e0af   0x00000001   PAD
    0x0002e0b0   0x0002e0b0   0x0000000c   Data   RO          879    .conststrlit        ble_db_discovery.o
    0x0002e0bc   0x0002e0bc   0x0000000d   Data   RO         1082    .conststrlit        nrf_ble_gatt.o
    0x0002e0c9   0x0002e0c9   0x00000003   PAD
    0x0002e0cc   0x0002e0cc   0x0000000b   Data   RO         1195    .conststrlit        nrf_ble_gq.o
    0x0002e0d7   0x0002e0d7   0x00000001   PAD
    0x0002e0d8   0x0002e0d8   0x00000009   Data   RO         1280    .conststrlit        nrf_ble_scan.o
    0x0002e0e1   0x0002e0e1   0x00000003   PAD
    0x0002e0e4   0x0002e0e4   0x0000000a   Data   RO         1391    .conststrlit        ble_nus_c.o
    0x0002e0ee   0x0002e0ee   0x00000002   PAD
    0x0002e0f0   0x0002e0f0   0x00000006   Data   RO         1480    .conststrlit        nrf_drv_clock.o
    0x0002e0f6   0x0002e0f6   0x00000002   PAD
    0x0002e0f8   0x0002e0f8   0x00000006   Data   RO         1822    .conststrlit        nrfx_clock.o
    0x0002e0fe   0x0002e0fe   0x00000002   PAD
    0x0002e100   0x0002e100   0x00000007   Data   RO         1995    .conststrlit        nrfx_gpiote.o
    0x0002e107   0x0002e107   0x00000001   PAD
    0x0002e108   0x0002e108   0x00000004   Data   RO         2254    .conststrlit        nrfx_prs.o
    0x0002e10c   0x0002e10c   0x00000005   Data   RO         2334    .conststrlit        nrfx_uart.o
    0x0002e111   0x0002e111   0x00000003   PAD
    0x0002e114   0x0002e114   0x00000006   Data   RO         2518    .conststrlit        nrfx_uarte.o
    0x0002e11a   0x0002e11a   0x00000002   PAD
    0x0002e11c   0x0002e11c   0x0000000b   Data   RO         2664    .conststrlit        app_button.o
    0x0002e127   0x0002e127   0x00000001   PAD
    0x0002e128   0x0002e128   0x0000000a   Data   RO         2985    .conststrlit        app_timer2.o
    0x0002e132   0x0002e132   0x00000002   PAD
    0x0002e134   0x0002e134   0x00000009   Data   RO         3876    .conststrlit        nrf_pwr_mgmt.o
    0x0002e13d   0x0002e13d   0x00000003   PAD
    0x0002e140   0x0002e140   0x00000009   Data   RO         4162    .conststrlit        nrf_sortlist.o
    0x0002e149   0x0002e149   0x00000003   PAD
    0x0002e14c   0x0002e14c   0x00000010   Data   RO         4388    .conststrlit        nrf_log_default_backends.o
    0x0002e15c   0x0002e15c   0x00000004   Data   RO         4455    .conststrlit        nrf_log_frontend.o
    0x0002e160   0x0002e160   0x00000008   Data   RO         4944    .conststrlit        nrf_sdh.o
    0x0002e168   0x0002e168   0x0000000c   Data   RO         5054    .conststrlit        nrf_sdh_ble.o
    0x0002e174   0x0002e174   0x0000000c   Data   RO         5104    .conststrlit        nrf_sdh_soc.o
    0x0002e180   0x0002e180   0x00000020   Data   RO         5548    Region$$Table       anon$$obj.o
    0x0002e1a0   0x0002e1a0   0x00000010   Data   RO         4390    log_backends        nrf_log_default_backends.o
    0x0002e1b0   0x0002e1b0   0x00000008   Data   RO          881    log_const_data      ble_db_discovery.o
    0x0002e1b8   0x0002e1b8   0x00000008   Data   RO         1083    log_const_data      nrf_ble_gatt.o
    0x0002e1c0   0x0002e1c0   0x00000008   Data   RO         1196    log_const_data      nrf_ble_gq.o
    0x0002e1c8   0x0002e1c8   0x00000008   Data   RO         1281    log_const_data      nrf_ble_scan.o
    0x0002e1d0   0x0002e1d0   0x00000008   Data   RO         1392    log_const_data      ble_nus_c.o
    0x0002e1d8   0x0002e1d8   0x00000008   Data   RO         1481    log_const_data      nrf_drv_clock.o
    0x0002e1e0   0x0002e1e0   0x00000008   Data   RO         1824    log_const_data      nrfx_clock.o
    0x0002e1e8   0x0002e1e8   0x00000008   Data   RO         1996    log_const_data      nrfx_gpiote.o
    0x0002e1f0   0x0002e1f0   0x00000008   Data   RO         2256    log_const_data      nrfx_prs.o
    0x0002e1f8   0x0002e1f8   0x00000008   Data   RO         2335    log_const_data      nrfx_uart.o
    0x0002e200   0x0002e200   0x00000008   Data   RO         2519    log_const_data      nrfx_uarte.o
    0x0002e208   0x0002e208   0x00000008   Data   RO         2667    log_const_data      app_button.o
    0x0002e210   0x0002e210   0x00000008   Data   RO         2988    log_const_data      app_timer2.o
    0x0002e218   0x0002e218   0x00000008   Data   RO         3878    log_const_data      nrf_pwr_mgmt.o
    0x0002e220   0x0002e220   0x00000008   Data   RO         4163    log_const_data      nrf_sortlist.o
    0x0002e228   0x0002e228   0x00000008   Data   RO         4459    log_const_data      nrf_log_frontend.o
    0x0002e230   0x0002e230   0x00000008   Data   RO         4946    log_const_data      nrf_sdh.o
    0x0002e238   0x0002e238   0x00000008   Data   RO         5056    log_const_data      nrf_sdh_ble.o
    0x0002e240   0x0002e240   0x00000008   Data   RO         5105    log_const_data      nrf_sdh_soc.o
    0x0002e248   0x0002e248   0x00000014   Data   RO           31    nrf_balloc          main.o
    0x0002e25c   0x0002e25c   0x00000014   Data   RO         4460    nrf_balloc          nrf_log_frontend.o
    0x0002e270   0x0002e270   0x00000014   Data   RO           32    nrf_queue           main.o
    0x0002e284   0x0002e284   0x00000004   Data   RO           33    pwr_mgmt_data1      main.o
    0x0002e288   0x0002e288   0x00000020   Data   RO           34    sdh_ble_observers1  main.o
    0x0002e2a8   0x0002e2a8   0x00000008   Data   RO          648    sdh_ble_observers1  bsp_btn_ble.o
    0x0002e2b0   0x0002e2b0   0x00000008   Data   RO           35    sdh_ble_observers2  main.o
    0x0002e2b8   0x0002e2b8   0x00000008   Data   RO           36    sdh_ble_observers3  main.o
    0x0002e2c0   0x0002e2c0   0x00000008   Data   RO         1482    sdh_soc_observers0  nrf_drv_clock.o
    0x0002e2c8   0x0002e2c8   0x00000008   Data   RO         5057    sdh_stack_observers0  nrf_sdh_ble.o
    0x0002e2d0   0x0002e2d0   0x00000008   Data   RO         5106    sdh_stack_observers0  nrf_sdh_soc.o
    0x0002e2d8   0x0002e2d8   0x00000008   Data   RO         1483    sdh_state_observers0  nrf_drv_clock.o


    Execution Region RW_IRAM1 (Exec base: 0x20002a28, Load base: 0x0002e2e0, Size: 0x00003660, Max: 0x0000d5d8, ABSOLUTE, COMPRESSED[0x00000074])

    Exec Addr    Load Addr    Size         Type   Attr      Idx    E Section Name        Object

    0x20002a28   COMPRESSED   0x000005e8   Data   RW           26    .data               main.o
    0x20003010   COMPRESSED   0x00000002   Data   RW           27    .data               main.o
    0x20003012   COMPRESSED   0x00000004   Data   RW           28    .data               main.o
    0x20003016   COMPRESSED   0x00000008   Data   RW           29    .data               main.o
    0x2000301e   COMPRESSED   0x00000002   PAD
    0x20003020   COMPRESSED   0x00000008   Data   RW           30    .data               main.o
    0x20003028   COMPRESSED   0x00000010   Data   RW          543    .data               bsp.o
    0x20003038   COMPRESSED   0x00000020   Data   RW          544    .data               bsp.o
    0x20003058   COMPRESSED   0x00000020   Data   RW          545    .data               bsp.o
    0x20003078   COMPRESSED   0x00000020   Data   RW          546    .data               bsp.o
    0x20003098   COMPRESSED   0x00000008   Data   RW          647    .data               bsp_btn_ble.o
    0x200030a0   COMPRESSED   0x00000010   Data   RW          880    .data               ble_db_discovery.o
    0x200030b0   COMPRESSED   0x0000000c   Data   RW         1617    .data               nrf_drv_uart.o
    0x200030bc   COMPRESSED   0x00000008   Data   RW         1823    .data               nrfx_clock.o
    0x200030c4   COMPRESSED   0x00000008   Data   RW         2255    .data               nrfx_prs.o
    0x200030cc   COMPRESSED   0x00000004   PAD
    0x200030d0   COMPRESSED   0x00000018   Data   RW         2665    .data               app_button.o
    0x200030e8   COMPRESSED   0x00000020   Data   RW         2666    .data               app_button.o
    0x20003108   COMPRESSED   0x00000020   Data   RW         2986    .data               app_timer2.o
    0x20003128   COMPRESSED   0x00000004   Data   RW         2987    .data               app_timer2.o
    0x2000312c   COMPRESSED   0x0000001c   Data   RW         3116    .data               app_uart_fifo.o
    0x20003148   COMPRESSED   0x0000000c   Data   RW         3275    .data               drv_rtc.o
    0x20003154   COMPRESSED   0x00000008   Data   RW         3877    .data               nrf_pwr_mgmt.o
    0x2000315c   COMPRESSED   0x00000004   Data   RW         4248    .data               retarget.o
    0x20003160   COMPRESSED   0x00000001   Data   RW         4292    .data               nrf_log_backend_rtt.o
    0x20003161   COMPRESSED   0x00000003   PAD
    0x20003164   COMPRESSED   0x00000008   Data   RW         4389    .data               nrf_log_default_backends.o
    0x2000316c   COMPRESSED   0x00000004   Data   RW         4456    .data               nrf_log_frontend.o
    0x20003170   COMPRESSED   0x00000008   Data   RW         4457    .data               nrf_log_frontend.o
    0x20003178   COMPRESSED   0x00000008   Data   RW         4458    .data               nrf_log_frontend.o
    0x20003180   COMPRESSED   0x00000040   Data   RW         4622    .data               nrf_log_str_formatter.o
    0x200031c0   COMPRESSED   0x00000003   Data   RW         4945    .data               nrf_sdh.o
    0x200031c3   COMPRESSED   0x00000001   Data   RW         5055    .data               nrf_sdh_ble.o
    0x200031c4   COMPRESSED   0x00000004   Data   RW         5147    .data               system_nrf52.o
    0x200031c8        -       0x00000370   Zero   RW           19    .bss                main.o
    0x20003538        -       0x000000a0   Zero   RW           20    .bss                main.o
    0x200035d8        -       0x0000000c   Zero   RW           21    .bss                main.o
    0x200035e4        -       0x0000000c   Zero   RW           22    .bss                main.o
    0x200035f0        -       0x000000c0   Zero   RW           23    .bss                main.o
    0x200036b0        -       0x0000000c   Zero   RW          541    .bss                bsp.o
    0x200036bc        -       0x00000018   Zero   RW          876    .bss                ble_db_discovery.o
    0x200036d4        -       0x00000014   Zero   RW         1475    .bss                nrf_drv_clock.o
    0x200036e8        -       0x0000005c   Zero   RW         1990    .bss                nrfx_gpiote.o
    0x20003744        -       0x0000002c   Zero   RW         2329    .bss                nrfx_uart.o
    0x20003770        -       0x00000024   Zero   RW         2513    .bss                nrfx_uarte.o
    0x20003794        -       0x00000010   Zero   RW         2662    .bss                app_button.o
    0x200037a4        -       0x00000010   Zero   RW         2982    .bss                app_timer2.o
    0x200037b4        -       0x00000058   Zero   RW         2983    .bss                app_timer2.o
    0x2000380c        -       0x00000020   Zero   RW         3114    .bss                app_uart_fifo.o
    0x2000382c        -       0x0000000c   Zero   RW         3189    .bss                app_util_platform.o
    0x20003838        -       0x0000000c   Zero   RW         3873    .bss                nrf_pwr_mgmt.o
    0x20003844        -       0x00000040   Zero   RW         4289    .bss                nrf_log_backend_rtt.o
    0x20003884        -       0x000000c0   Zero   RW         4450    .bss                nrf_log_frontend.o
    0x20003944        -       0x00000080   Zero   RW         4451    .bss                nrf_log_frontend.o
    0x200039c4        -       0x00000018   Zero   RW         4452    .bss                nrf_log_frontend.o
    0x200039dc        -       0x00000420   Zero   RW         4453    .bss                nrf_log_frontend.o
    0x20003dfc        -       0x00000288   Zero   RW         4698    .bss                segger_rtt.o
    0x20004084   COMPRESSED   0x00000004   PAD
    0x20004088        -       0x00002000   Zero   RW         5133    STACK               arm_startup_nrf52.o


==============================================================================

Image component sizes


      Code (inc. data)   RO Data    RW Data    ZI Data      Debug   Object Name

       664         66         27         56         16      17410   app_button.o
        22          0          0          0          0       2457   app_error.o
       132         46          0          0          0      34049   app_error_weak.o
       118          0          0          0          0       4842   app_fifo.o
      1052         90         38         36        104      16693   app_timer2.o
       528         60         32         28         32      15818   app_uart_fifo.o
       124         14          0          0         12      10486   app_util_platform.o
        36          8        512          0       8192        900   arm_startup_nrf52.o
       252          0          0          0          0      44615   ble_advdata.o
      2188        260        540         16         24      31559   ble_db_discovery.o
       808        168         34          0          0      12372   ble_nus_c.o
       358         40          8          0          0      14039   boards.o
       998         84         44        112         12      15559   bsp.o
       252         10          8          8          0       4648   bsp_btn_ble.o
       704         76          6         12          0      48065   drv_rtc.o
      2092        840        140       1534       1256     158570   main.o
       326          0          0          0          0       5775   nrf_atfifo.o
       294          0          0          0          0       7611   nrf_atomic.o
       164          0          0          0          0       3528   nrf_balloc.o
      1742        784        361          0          0      39446   nrf_ble_gatt.o
      2286        942        329          0          0      10951   nrf_ble_gq.o
      1126        168         17          0          0      12351   nrf_ble_scan.o
       312         36         30          0         20      43284   nrf_drv_clock.o
       200         26          0         12          0      17564   nrf_drv_uart.o
        50          0          0          0          0       3465   nrf_fprintf.o
       866          4         16          0          0       6430   nrf_fprintf_format.o
       112         18         18          1         64       5909   nrf_log_backend_rtt.o
       194          0          0          0          0      10821   nrf_log_backend_serial.o
        28          4         32          8          0       3273   nrf_log_default_backends.o
      1698        136         44         20       1400      32682   nrf_log_frontend.o
       570        108        102         64          0       5508   nrf_log_str_formatter.o
       346          0          0          0          0       9355   nrf_memobj.o
       292         42         53          8         12      42506   nrf_pwr_mgmt.o
       406          0          0          0          0       6235   nrf_queue.o
        28          0          0          0          0       2299   nrf_ringbuf.o
       384         46        104          3          0      42435   nrf_sdh.o
       724        232        539          1          0       5769   nrf_sdh_ble.o
        60          4         56          0          0       2392   nrf_sdh_soc.o
        78          0          0          0          0       2676   nrf_section_iter.o
        84          0         17          0          0       3953   nrf_sortlist.o
        76         10       1319          0          0       2639   nrf_strerror.o
       242         32         14          8          0      46692   nrfx_clock.o
      1268        106         19          0         92      65065   nrfx_gpiote.o
        94         16         12          8          0       3637   nrfx_prs.o
      1368         38         17          0         44      29901   nrfx_uart.o
      1290         36         18          0         36      24623   nrfx_uarte.o
        14          0          0          4          0       2826   retarget.o
       378         34          0          0        648       8773   segger_rtt.o
       752         78          0          4          0      32093   system_nrf52.o

    ----------------------------------------------------------------------
     28234       4662       4604       1952      11968     974549   Object Totals
         0          0         32          0          0          0   (incl. Generated)
        54          0         66          9          4          0   (incl. Padding)

    ----------------------------------------------------------------------

      Code (inc. data)   RO Data    RW Data    ZI Data      Debug   Library Member Name

        86          0          0          0          0          0   __dczerorl2.o
         8          4        133          0          0         68   ctype_o.o
         0          0          0          0          0          0   entry.o
         0          0          0          0          0          0   entry10a.o
         0          0          0          0          0          0   entry11a.o
         4          0          0          0          0          0   entry12b.o
         8          4          0          0          0          0   entry2.o
         4          0          0          0          0          0   entry5.o
         0          0          0          0          0          0   entry7b.o
         0          0          0          0          0          0   entry8b.o
         8          4          0          0          0          0   entry9a.o
        30          0          0          0          0          0   handlers.o
        36          8          0          0          0         68   init.o
        30          0          0          0          0         68   llshl.o
        32          0          0          0          0         68   llushr.o
        26          0          0          0          0         80   memcmp.o
        36          0          0          0          0         68   memcpya.o
        36          0          0          0          0        108   memseta.o
        50          8          0          0          0        152   printfb.o
        18          0          0          0          0         68   strcpy.o
        14          0          0          0          0         68   strlen.o
        98          0          0          0          0         92   uldiv.o

    ----------------------------------------------------------------------
       530         28        136          0          0        908   Library Totals
         6          0          3          0          0          0   (incl. Padding)

    ----------------------------------------------------------------------

      Code (inc. data)   RO Data    RW Data    ZI Data      Debug   Library Name

       524         28        133          0          0        908   mc_w.l

    ----------------------------------------------------------------------
       530         28        136          0          0        908   Library Totals

    ----------------------------------------------------------------------

==============================================================================


      Code (inc. data)   RO Data    RW Data    ZI Data      Debug   

     28764       4690       4740       1952      11968     942877   Grand Totals
     28764       4690       4740        116      11968     942877   ELF Image Totals (compressed)
     28764       4690       4740        116          0          0   ROM Totals

==============================================================================

    Total RO  Size (Code + RO Data)                33504 (  32.72kB)
    Total RW  Size (RW Data + ZI Data)             13920 (  13.59kB)
    Total ROM Size (Code + RO Data + RW Data)      33620 (  32.83kB)

==============================================================================

